Archive member included to satisfy reference by file (symbol)

c:/st/stm32cubeide_1.1.0/stm32cubeide/plugins/com.st.stm32cube.ide.mcu.externaltools.gnu-tools-for-stm32.7-2018-q2-update.win32_1.0.0.201904181610/tools/bin/../lib/gcc/arm-none-eabi/7.3.1/../../../../arm-none-eabi/lib/thumb/v7e-m/fpv4-sp/hard\libc_nano.a(lib_a-errno.o)
                              Src/syscalls.o (__errno)
c:/st/stm32cubeide_1.1.0/stm32cubeide/plugins/com.st.stm32cube.ide.mcu.externaltools.gnu-tools-for-stm32.7-2018-q2-update.win32_1.0.0.201904181610/tools/bin/../lib/gcc/arm-none-eabi/7.3.1/../../../../arm-none-eabi/lib/thumb/v7e-m/fpv4-sp/hard\libc_nano.a(lib_a-exit.o)
                              c:/st/stm32cubeide_1.1.0/stm32cubeide/plugins/com.st.stm32cube.ide.mcu.externaltools.gnu-tools-for-stm32.7-2018-q2-update.win32_1.0.0.201904181610/tools/bin/../lib/gcc/arm-none-eabi/7.3.1/../../../../arm-none-eabi/lib/thumb/v7e-m/fpv4-sp/hard/crt0.o (exit)
c:/st/stm32cubeide_1.1.0/stm32cubeide/plugins/com.st.stm32cube.ide.mcu.externaltools.gnu-tools-for-stm32.7-2018-q2-update.win32_1.0.0.201904181610/tools/bin/../lib/gcc/arm-none-eabi/7.3.1/../../../../arm-none-eabi/lib/thumb/v7e-m/fpv4-sp/hard\libc_nano.a(lib_a-impure.o)
                              c:/st/stm32cubeide_1.1.0/stm32cubeide/plugins/com.st.stm32cube.ide.mcu.externaltools.gnu-tools-for-stm32.7-2018-q2-update.win32_1.0.0.201904181610/tools/bin/../lib/gcc/arm-none-eabi/7.3.1/../../../../arm-none-eabi/lib/thumb/v7e-m/fpv4-sp/hard\libc_nano.a(lib_a-exit.o) (_global_impure_ptr)
c:/st/stm32cubeide_1.1.0/stm32cubeide/plugins/com.st.stm32cube.ide.mcu.externaltools.gnu-tools-for-stm32.7-2018-q2-update.win32_1.0.0.201904181610/tools/bin/../lib/gcc/arm-none-eabi/7.3.1/../../../../arm-none-eabi/lib/thumb/v7e-m/fpv4-sp/hard\libc_nano.a(lib_a-init.o)
                              c:/st/stm32cubeide_1.1.0/stm32cubeide/plugins/com.st.stm32cube.ide.mcu.externaltools.gnu-tools-for-stm32.7-2018-q2-update.win32_1.0.0.201904181610/tools/bin/../lib/gcc/arm-none-eabi/7.3.1/../../../../arm-none-eabi/lib/thumb/v7e-m/fpv4-sp/hard/crt0.o (__libc_init_array)
c:/st/stm32cubeide_1.1.0/stm32cubeide/plugins/com.st.stm32cube.ide.mcu.externaltools.gnu-tools-for-stm32.7-2018-q2-update.win32_1.0.0.201904181610/tools/bin/../lib/gcc/arm-none-eabi/7.3.1/../../../../arm-none-eabi/lib/thumb/v7e-m/fpv4-sp/hard\libc_nano.a(lib_a-itoa.o)
                              Src/main.o (itoa)
c:/st/stm32cubeide_1.1.0/stm32cubeide/plugins/com.st.stm32cube.ide.mcu.externaltools.gnu-tools-for-stm32.7-2018-q2-update.win32_1.0.0.201904181610/tools/bin/../lib/gcc/arm-none-eabi/7.3.1/../../../../arm-none-eabi/lib/thumb/v7e-m/fpv4-sp/hard\libc_nano.a(lib_a-memcpy-stub.o)
                              Src/main.o (memcpy)
c:/st/stm32cubeide_1.1.0/stm32cubeide/plugins/com.st.stm32cube.ide.mcu.externaltools.gnu-tools-for-stm32.7-2018-q2-update.win32_1.0.0.201904181610/tools/bin/../lib/gcc/arm-none-eabi/7.3.1/../../../../arm-none-eabi/lib/thumb/v7e-m/fpv4-sp/hard\libc_nano.a(lib_a-memset.o)
                              c:/st/stm32cubeide_1.1.0/stm32cubeide/plugins/com.st.stm32cube.ide.mcu.externaltools.gnu-tools-for-stm32.7-2018-q2-update.win32_1.0.0.201904181610/tools/bin/../lib/gcc/arm-none-eabi/7.3.1/../../../../arm-none-eabi/lib/thumb/v7e-m/fpv4-sp/hard/crt0.o (memset)
c:/st/stm32cubeide_1.1.0/stm32cubeide/plugins/com.st.stm32cube.ide.mcu.externaltools.gnu-tools-for-stm32.7-2018-q2-update.win32_1.0.0.201904181610/tools/bin/../lib/gcc/arm-none-eabi/7.3.1/../../../../arm-none-eabi/lib/thumb/v7e-m/fpv4-sp/hard\libc_nano.a(lib_a-utoa.o)
                              c:/st/stm32cubeide_1.1.0/stm32cubeide/plugins/com.st.stm32cube.ide.mcu.externaltools.gnu-tools-for-stm32.7-2018-q2-update.win32_1.0.0.201904181610/tools/bin/../lib/gcc/arm-none-eabi/7.3.1/../../../../arm-none-eabi/lib/thumb/v7e-m/fpv4-sp/hard\libc_nano.a(lib_a-itoa.o) (__utoa)
c:/st/stm32cubeide_1.1.0/stm32cubeide/plugins/com.st.stm32cube.ide.mcu.externaltools.gnu-tools-for-stm32.7-2018-q2-update.win32_1.0.0.201904181610/tools/bin/../lib/gcc/arm-none-eabi/7.3.1/../../../../arm-none-eabi/lib/thumb/v7e-m/fpv4-sp/hard\libm.a(lib_a-s_cos.o)
                              Src/mpu.o (cos)
c:/st/stm32cubeide_1.1.0/stm32cubeide/plugins/com.st.stm32cube.ide.mcu.externaltools.gnu-tools-for-stm32.7-2018-q2-update.win32_1.0.0.201904181610/tools/bin/../lib/gcc/arm-none-eabi/7.3.1/../../../../arm-none-eabi/lib/thumb/v7e-m/fpv4-sp/hard\libm.a(lib_a-s_sin.o)
                              Src/mpu.o (sin)
c:/st/stm32cubeide_1.1.0/stm32cubeide/plugins/com.st.stm32cube.ide.mcu.externaltools.gnu-tools-for-stm32.7-2018-q2-update.win32_1.0.0.201904181610/tools/bin/../lib/gcc/arm-none-eabi/7.3.1/../../../../arm-none-eabi/lib/thumb/v7e-m/fpv4-sp/hard\libm.a(lib_a-w_acos.o)
                              Src/mpu.o (acos)
[...]
Memory Configuration

Name             Origin             Length             Attributes
FLASH            0x0000000008000000 0x0000000000080000 xr
CCMRAM           0x0000000010000000 0x0000000000010000 xrw
RAM              0x0000000020000000 0x0000000000020000 xrw
*default*        0x0000000000000000 0xffffffffffffffff

Linker script and memory map

LOAD c:/st/stm32cubeide_1.1.0/stm32cubeide/plugins/com.st.stm32cube.ide.mcu.externaltools.gnu-tools-for-stm32.7-2018-q2-update.win32_1.0.0.201904181610/tools/bin/../lib/gcc/arm-none-eabi/7.3.1/thumb/v7e-m/fpv4-sp/hard/crti.o
LOAD c:/st/stm32cubeide_1.1.0/stm32cubeide/plugins/com.st.stm32cube.ide.mcu.externaltools.gnu-tools-for-stm32.7-2018-q2-update.win32_1.0.0.201904181610/tools/bin/../lib/gcc/arm-none-eabi/7.3.1/thumb/v7e-m/fpv4-sp/hard/crtbegin.o
LOAD c:/st/stm32cubeide_1.1.0/stm32cubeide/plugins/com.st.stm32cube.ide.mcu.externaltools.gnu-tools-for-stm32.7-2018-q2-update.win32_1.0.0.201904181610/tools/bin/../lib/gcc/arm-none-eabi/7.3.1/../../../../arm-none-eabi/lib/thumb/v7e-m/fpv4-sp/hard/crt0.o
LOAD Drivers/STM32F4xx_HAL_Driver/Src/stm32f4xx_hal.o
LOAD Drivers/STM32F4xx_HAL_Driver/Src/stm32f4xx_hal_cortex.o
LOAD Drivers/STM32F4xx_HAL_Driver/Src/stm32f4xx_hal_dma.o
LOAD Drivers/STM32F4xx_HAL_Driver/Src/stm32f4xx_hal_dma_ex.o
LOAD Drivers/STM32F4xx_HAL_Driver/Src/stm32f4xx_hal_exti.o
LOAD Drivers/STM32F4xx_HAL_Driver/Src/stm32f4xx_hal_flash.o
LOAD Drivers/STM32F4xx_HAL_Driver/Src/stm32f4xx_hal_flash_ex.o
LOAD Drivers/STM32F4xx_HAL_Driver/Src/stm32f4xx_hal_flash_ramfunc.o
LOAD Drivers/STM32F4xx_HAL_Driver/Src/stm32f4xx_hal_gpio.o
LOAD Drivers/STM32F4xx_HAL_Driver/Src/stm32f4xx_hal_i2c.o
LOAD Drivers/STM32F4xx_HAL_Driver/Src/stm32f4xx_hal_i2c_ex.o
LOAD Drivers/STM32F4xx_HAL_Driver/Src/stm32f4xx_hal_pwr.o
LOAD Drivers/STM32F4xx_HAL_Driver/Src/stm32f4xx_hal_pwr_ex.o
LOAD Drivers/STM32F4xx_HAL_Driver/Src/stm32f4xx_hal_rcc.o
LOAD Drivers/STM32F4xx_HAL_Driver/Src/stm32f4xx_hal_rcc_ex.o
LOAD Drivers/STM32F4xx_HAL_Driver/Src/stm32f4xx_hal_rtc.o
LOAD Drivers/STM32F4xx_HAL_Driver/Src/stm32f4xx_hal_rtc_ex.o
LOAD Drivers/STM32F4xx_HAL_Driver/Src/stm32f4xx_hal_spi.o
LOAD Drivers/STM32F4xx_HAL_Driver/Src/stm32f4xx_hal_tim.o
LOAD Drivers/STM32F4xx_HAL_Driver/Src/stm32f4xx_hal_tim_ex.o
LOAD Drivers/STM32F4xx_HAL_Driver/Src/stm32f4xx_hal_uart.o
LOAD Src/CRC16.o
LOAD Src/MadgwickAHRS.o
LOAD Src/SLIP.o
LOAD Src/WiMOD_HCI_Layer.o
LOAD Src/confic.o
LOAD Src/control.o
LOAD Src/main.o
LOAD Src/mpu.o
LOAD Src/quaternion.o
LOAD Src/serial.o
LOAD Src/stm32f4xx_hal_msp.o
LOAD Src/stm32f4xx_it.o
LOAD Src/syscalls.o
LOAD Src/sysmem.o
LOAD Src/system_stm32f4xx.o
LOAD Startup/startup_stm32f407vetx.o
START GROUP
LOAD c:/st/stm32cubeide_1.1.0/stm32cubeide/plugins/com.st.stm32cube.ide.mcu.externaltools.gnu-tools-for-stm32.7-2018-q2-update.win32_1.0.0.201904181610/tools/bin/../lib/gcc/arm-none-eabi/7.3.1/../../../../arm-none-eabi/lib/thumb/v7e-m/fpv4-sp/hard\libc_nano.a
LOAD c:/st/stm32cubeide_1.1.0/stm32cubeide/plugins/com.st.stm32cube.ide.mcu.externaltools.gnu-tools-for-stm32.7-2018-q2-update.win32_1.0.0.201904181610/tools/bin/../lib/gcc/arm-none-eabi/7.3.1/../../../../arm-none-eabi/lib/thumb/v7e-m/fpv4-sp/hard\libm.a
END GROUP
START GROUP
LOAD c:/st/stm32cubeide_1.1.0/stm32cubeide/plugins/com.st.stm32cube.ide.mcu.externaltools.gnu-tools-for-stm32.7-2018-q2-update.win32_1.0.0.201904181610/tools/bin/../lib/gcc/arm-none-eabi/7.3.1/thumb/v7e-m/fpv4-sp/hard\libgcc.a
LOAD c:/st/stm32cubeide_1.1.0/stm32cubeide/plugins/com.st.stm32cube.ide.mcu.externaltools.gnu-tools-for-stm32.7-2018-q2-update.win32_1.0.0.201904181610/tools/bin/../lib/gcc/arm-none-eabi/7.3.1/../../../../arm-none-eabi/lib/thumb/v7e-m/fpv4-sp/hard\libc_nano.a
END GROUP
START GROUP
LOAD c:/st/stm32cubeide_1.1.0/stm32cubeide/plugins/com.st.stm32cube.ide.mcu.externaltools.gnu-tools-for-stm32.7-2018-q2-update.win32_1.0.0.201904181610/tools/bin/../lib/gcc/arm-none-eabi/7.3.1/thumb/v7e-m/fpv4-sp/hard\libgcc.a
LOAD c:/st/stm32cubeide_1.1.0/stm32cubeide/plugins/com.st.stm32cube.ide.mcu.externaltools.gnu-tools-for-stm32.7-2018-q2-update.win32_1.0.0.201904181610/tools/bin/../lib/gcc/arm-none-eabi/7.3.1/../../../../arm-none-eabi/lib/thumb/v7e-m/fpv4-sp/hard\libc_nano.a
LOAD c:/st/stm32cubeide_1.1.0/stm32cubeide/plugins/com.st.stm32cube.ide.mcu.externaltools.gnu-tools-for-stm32.7-2018-q2-update.win32_1.0.0.201904181610/tools/bin/../lib/gcc/arm-none-eabi/7.3.1/../../../../arm-none-eabi/lib/thumb/v7e-m/fpv4-sp/hard\libnosys.a
END GROUP
START GROUP
LOAD c:/st/stm32cubeide_1.1.0/stm32cubeide/plugins/com.st.stm32cube.ide.mcu.externaltools.gnu-tools-for-stm32.7-2018-q2-update.win32_1.0.0.201904181610/tools/bin/../lib/gcc/arm-none-eabi/7.3.1/thumb/v7e-m/fpv4-sp/hard\libgcc.a
LOAD c:/st/stm32cubeide_1.1.0/stm32cubeide/plugins/com.st.stm32cube.ide.mcu.externaltools.gnu-tools-for-stm32.7-2018-q2-update.win32_1.0.0.201904181610/tools/bin/../lib/gcc/arm-none-eabi/7.3.1/../../../../arm-none-eabi/lib/thumb/v7e-m/fpv4-sp/hard\libc_nano.a
LOAD c:/st/stm32cubeide_1.1.0/stm32cubeide/plugins/com.st.stm32cube.ide.mcu.externaltools.gnu-tools-for-stm32.7-2018-q2-update.win32_1.0.0.201904181610/tools/bin/../lib/gcc/arm-none-eabi/7.3.1/../../../../arm-none-eabi/lib/thumb/v7e-m/fpv4-sp/hard\libnosys.a
END GROUP
LOAD c:/st/stm32cubeide_1.1.0/stm32cubeide/plugins/com.st.stm32cube.ide.mcu.externaltools.gnu-tools-for-stm32.7-2018-q2-update.win32_1.0.0.201904181610/tools/bin/../lib/gcc/arm-none-eabi/7.3.1/thumb/v7e-m/fpv4-sp/hard/crtend.o
LOAD c:/st/stm32cubeide_1.1.0/stm32cubeide/plugins/com.st.stm32cube.ide.mcu.externaltools.gnu-tools-for-stm32.7-2018-q2-update.win32_1.0.0.201904181610/tools/bin/../lib/gcc/arm-none-eabi/7.3.1/thumb/v7e-m/fpv4-sp/hard/crtn.o
                0x000000002001ffff                _estack = 0x2001ffff
                0x0000000000000200                _Min_Heap_Size = 0x200
                0x0000000000000400                _Min_Stack_Size = 0x400

.isr_vector     0x0000000008000000      0x188
                0x0000000008000000                . = ALIGN (0x4)
 *(.isr_vector)
 .isr_vector    0x0000000008000000      0x188 Startup/startup_stm32f407vetx.o
                0x0000000008000000                g_pfnVectors
                0x0000000008000188                . = ALIGN (0x4)

.text           0x0000000008000188     0xa8cc
                0x0000000008000188                . = ALIGN (0x4)
 *(.text)
 .text          0x0000000008000188       0x40 c:/st/stm32cubeide_1.1.0/stm32cubeide/plugins/com.st.stm32cube.ide.mcu.externaltools.gnu-tools-for-stm32.7-2018-q2-update.win32_1.0.0.201904181610/tools/bin/../lib/gcc/arm-none-eabi/7.3.1/thumb/v7e-m/fpv4-sp/hard/crtbegin.o
 .text          0x00000000080001c8      0x378 c:/st/stm32cubeide_1.1.0/stm32cubeide/plugins/com.st.stm32cube.ide.mcu.externaltools.gnu-tools-for-stm32.7-2018-q2-update.win32_1.0.0.201904181610/tools/bin/../lib/gcc/arm-none-eabi/7.3.1/thumb/v7e-m/fpv4-sp/hard\libgcc.a(_arm_addsubdf3.o)
                0x00000000080001c8                __aeabi_drsub
                0x00000000080001d0                __aeabi_dsub
                0x00000000080001d0                __subdf3
                0x00000000080001d4                __aeabi_dadd
                0x00000000080001d4                __adddf3
                0x000000000800044c                __floatunsidf
                0x000000000800044c                __aeabi_ui2d
                0x000000000800046c                __floatsidf
                0x000000000800046c                __aeabi_i2d
                0x0000000008000490                __aeabi_f2d
                0x0000000008000490                __extendsfdf2
                0x00000000080004d4                __floatundidf
                0x00000000080004d4                __aeabi_ul2d
                0x00000000080004e4                __floatdidf
                0x00000000080004e4                __aeabi_l2d
 .text          0x0000000008000540      0x424 c:/st/stm32cubeide_1.1.0/stm32cubeide/plugins/com.st.stm32cube.ide.mcu.externaltools.gnu-tools-for-stm32.7-2018-q2-update.win32_1.0.0.201904181610/tools/bin/../lib/gcc/arm-none-eabi/7.3.1/thumb/v7e-m/fpv4-sp/hard\libgcc.a(_arm_muldivdf3.o)
                0x0000000008000540                __aeabi_dmul
                0x0000000008000540                __muldf3
                0x0000000008000794                __divdf3
                0x0000000008000794                __aeabi_ddiv
 .text          0x0000000008000964      0x110 c:/st/stm32cubeide_1.1.0/stm32cubeide/plugins/com.st.stm32cube.ide.mcu.externaltools.gnu-tools-for-stm32.7-2018-q2-update.win32_1.0.0.201904181610/tools/bin/../lib/gcc/arm-none-eabi/7.3.1/thumb/v7e-m/fpv4-sp/hard\libgcc.a(_arm_cmpdf2.o)
                0x0000000008000964                __gtdf2
                0x0000000008000964                __gedf2
                0x000000000800096c                __ltdf2
                0x000000000800096c                __ledf2
                0x0000000008000974                __nedf2
                0x0000000008000974                __eqdf2
                0x0000000008000974                __cmpdf2
                0x00000000080009f0                __aeabi_cdrcmple
                0x0000000008000a00                __aeabi_cdcmpeq
                0x0000000008000a00                __aeabi_cdcmple
                0x0000000008000a10                __aeabi_dcmpeq
                0x0000000008000a24                __aeabi_dcmplt
                0x0000000008000a38                __aeabi_dcmple
                0x0000000008000a4c                __aeabi_dcmpge
                0x0000000008000a60                __aeabi_dcmpgt
 .text          0x0000000008000a74       0x2c c:/st/stm32cubeide_1.1.0/stm32cubeide/plugins/com.st.stm32cube.ide.mcu.externaltools.gnu-tools-for-stm32.7-2018-q2-update.win32_1.0.0.201904181610/tools/bin/../lib/gcc/arm-none-eabi/7.3.1/thumb/v7e-m/fpv4-sp/hard\libgcc.a(_arm_unorddf2.o)
                0x0000000008000a74                __unorddf2
                0x0000000008000a74                __aeabi_dcmpun
 .text          0x0000000008000aa0       0x50 c:/st/stm32cubeide_1.1.0/stm32cubeide/plugins/com.st.stm32cube.ide.mcu.externaltools.gnu-tools-for-stm32.7-2018-q2-update.win32_1.0.0.201904181610/tools/bin/../lib/gcc/arm-none-eabi/7.3.1/thumb/v7e-m/fpv4-sp/hard\libgcc.a(_arm_fixdfsi.o)
                0x0000000008000aa0                __aeabi_d2iz
                0x0000000008000aa0                __fixdfsi
 .text          0x0000000008000af0       0x40 c:/st/stm32cubeide_1.1.0/stm32cubeide/plugins/com.st.stm32cube.ide.mcu.externaltools.gnu-tools-for-stm32.7-2018-q2-update.win32_1.0.0.201904181610/tools/bin/../lib/gcc/arm-none-eabi/7.3.1/thumb/v7e-m/fpv4-sp/hard\libgcc.a(_arm_fixunsdfsi.o)
                0x0000000008000af0                __aeabi_d2uiz
                0x0000000008000af0                __fixunsdfsi
 .text          0x0000000008000b30       0xa0 c:/st/stm32cubeide_1.1.0/stm32cubeide/plugins/com.st.stm32cube.ide.mcu.externaltools.gnu-tools-for-stm32.7-2018-q2-update.win32_1.0.0.201904181610/tools/bin/../lib/gcc/arm-none-eabi/7.3.1/thumb/v7e-m/fpv4-sp/hard\libgcc.a(_arm_truncdfsf2.o)
                0x0000000008000b30                __truncdfsf2
                0x0000000008000b30                __aeabi_d2f
 .text          0x0000000008000bd0       0x30 c:/st/stm32cubeide_1.1.0/stm32cubeide/plugins/com.st.stm32cube.ide.mcu.externaltools.gnu-tools-for-stm32.7-2018-q2-update.win32_1.0.0.201904181610/tools/bin/../lib/gcc/arm-none-eabi/7.3.1/thumb/v7e-m/fpv4-sp/hard\libgcc.a(_aeabi_uldivmod.o)
                0x0000000008000bd0                __aeabi_uldivmod
 .text          0x0000000008000c00      0x2cc c:/st/stm32cubeide_1.1.0/stm32cubeide/plugins/com.st.stm32cube.ide.mcu.externaltools.gnu-tools-for-stm32.7-2018-q2-update.win32_1.0.0.201904181610/tools/bin/../lib/gcc/arm-none-eabi/7.3.1/thumb/v7e-m/fpv4-sp/hard\libgcc.a(_udivmoddi4.o)
                0x0000000008000c00                __udivmoddi4
 .text          0x0000000008000ecc        0x4 c:/st/stm32cubeide_1.1.0/stm32cubeide/plugins/com.st.stm32cube.ide.mcu.externaltools.gnu-tools-for-stm32.7-2018-q2-update.win32_1.0.0.201904181610/tools/bin/../lib/gcc/arm-none-eabi/7.3.1/thumb/v7e-m/fpv4-sp/hard\libgcc.a(_dvmd_tls.o)
                0x0000000008000ecc                __aeabi_idiv0
                0x0000000008000ecc                __aeabi_ldiv0
 *(.text*)
 .text.HAL_Init
                0x0000000008000ed0       0x44 Drivers/STM32F4xx_HAL_Driver/Src/stm32f4xx_hal.o
                0x0000000008000ed0                HAL_Init
 .text.HAL_InitTick
                0x0000000008000f14       0x60 Drivers/STM32F4xx_HAL_Driver/Src/stm32f4xx_hal.o
                0x0000000008000f14                HAL_InitTick
 .text.HAL_IncTick
                0x0000000008000f74       0x28 Drivers/STM32F4xx_HAL_Driver/Src/stm32f4xx_hal.o
                0x0000000008000f74                HAL_IncTick
 .text.HAL_GetTick
                0x0000000008000f9c       0x18 Drivers/STM32F4xx_HAL_Driver/Src/stm32f4xx_hal.o
                0x0000000008000f9c                HAL_GetTick
 .text.HAL_Delay
                0x0000000008000fb4       0x44 Drivers/STM32F4xx_HAL_Driver/Src/stm32f4xx_hal.o
                0x0000000008000fb4                HAL_Delay
 .text.__NVIC_SetPriorityGrouping
                0x0000000008000ff8       0x48 Drivers/STM32F4xx_HAL_Driver/Src/stm32f4xx_hal_cortex.o
 .text.__NVIC_GetPriorityGrouping
                0x0000000008001040       0x1c Drivers/STM32F4xx_HAL_Driver/Src/stm32f4xx_hal_cortex.o
 .text.__NVIC_EnableIRQ
                0x000000000800105c       0x3c Drivers/STM32F4xx_HAL_Driver/Src/stm32f4xx_hal_cortex.o
 .text.__NVIC_DisableIRQ
                0x0000000008001098       0x44 Drivers/STM32F4xx_HAL_Driver/Src/stm32f4xx_hal_cortex.o
 .text.__NVIC_SetPriority
                0x00000000080010dc       0x54 Drivers/STM32F4xx_HAL_Driver/Src/stm32f4xx_hal_cortex.o
 .text.NVIC_EncodePriority
                0x0000000008001130       0x66 Drivers/STM32F4xx_HAL_Driver/Src/stm32f4xx_hal_cortex.o
 *fill*         0x0000000008001196        0x2 
 .text.SysTick_Config
                0x0000000008001198       0x44 Drivers/STM32F4xx_HAL_Driver/Src/stm32f4xx_hal_cortex.o
 .text.HAL_NVIC_SetPriorityGrouping
                0x00000000080011dc       0x16 Drivers/STM32F4xx_HAL_Driver/Src/stm32f4xx_hal_cortex.o
                0x00000000080011dc                HAL_NVIC_SetPriorityGrouping
 .text.HAL_NVIC_SetPriority
                0x00000000080011f2       0x38 Drivers/STM32F4xx_HAL_Driver/Src/stm32f4xx_hal_cortex.o
                0x00000000080011f2                HAL_NVIC_SetPriority
 .text.HAL_NVIC_EnableIRQ
                0x000000000800122a       0x1c Drivers/STM32F4xx_HAL_Driver/Src/stm32f4xx_hal_cortex.o
                0x000000000800122a                HAL_NVIC_EnableIRQ
 .text.HAL_NVIC_DisableIRQ
                0x0000000008001246       0x1c Drivers/STM32F4xx_HAL_Driver/Src/stm32f4xx_hal_cortex.o
                0x0000000008001246                HAL_NVIC_DisableIRQ
 .text.HAL_SYSTICK_Config
                0x0000000008001262       0x18 Drivers/STM32F4xx_HAL_Driver/Src/stm32f4xx_hal_cortex.o
                0x0000000008001262                HAL_SYSTICK_Config
 *fill*         0x000000000800127a        0x2 
 .text.HAL_DMA_Init
                0x000000000800127c      0x15c Drivers/STM32F4xx_HAL_Driver/Src/stm32f4xx_hal_dma.o
                0x000000000800127c                HAL_DMA_Init
 .text.HAL_DMA_Start_IT
                0x00000000080013d8       0xc0 Drivers/STM32F4xx_HAL_Driver/Src/stm32f4xx_hal_dma.o
                0x00000000080013d8                HAL_DMA_Start_IT
 .text.HAL_DMA_Abort
                0x0000000008001498       0xe0 Drivers/STM32F4xx_HAL_Driver/Src/stm32f4xx_hal_dma.o
                0x0000000008001498                HAL_DMA_Abort
 .text.HAL_DMA_Abort_IT
                0x0000000008001578       0x44 Drivers/STM32F4xx_HAL_Driver/Src/stm32f4xx_hal_dma.o
                0x0000000008001578                HAL_DMA_Abort_IT
 .text.HAL_DMA_IRQHandler
                0x00000000080015bc      0x314 Drivers/STM32F4xx_HAL_Driver/Src/stm32f4xx_hal_dma.o
                0x00000000080015bc                HAL_DMA_IRQHandler
 .text.HAL_DMA_GetState
                0x00000000080018d0       0x1c Drivers/STM32F4xx_HAL_Driver/Src/stm32f4xx_hal_dma.o
                0x00000000080018d0                HAL_DMA_GetState
 .text.HAL_DMA_GetError
                0x00000000080018ec       0x18 Drivers/STM32F4xx_HAL_Driver/Src/stm32f4xx_hal_dma.o
                0x00000000080018ec                HAL_DMA_GetError
 .text.DMA_SetConfig
                0x0000000008001904       0x5c Drivers/STM32F4xx_HAL_Driver/Src/stm32f4xx_hal_dma.o
 .text.DMA_CalcBaseAndBitshift
                0x0000000008001960       0x6c Drivers/STM32F4xx_HAL_Driver/Src/stm32f4xx_hal_dma.o
 .text.DMA_CheckFifoParam
                0x00000000080019cc       0xf4 Drivers/STM32F4xx_HAL_Driver/Src/stm32f4xx_hal_dma.o
 .text.HAL_GPIO_Init
                0x0000000008001ac0      0x334 Drivers/STM32F4xx_HAL_Driver/Src/stm32f4xx_hal_gpio.o
                0x0000000008001ac0                HAL_GPIO_Init
 .text.HAL_GPIO_ReadPin
                0x0000000008001df4       0x30 Drivers/STM32F4xx_HAL_Driver/Src/stm32f4xx_hal_gpio.o
                0x0000000008001df4                HAL_GPIO_ReadPin
 .text.HAL_GPIO_WritePin
                0x0000000008001e24       0x32 Drivers/STM32F4xx_HAL_Driver/Src/stm32f4xx_hal_gpio.o
                0x0000000008001e24                HAL_GPIO_WritePin
 .text.HAL_GPIO_TogglePin
                0x0000000008001e56       0x36 Drivers/STM32F4xx_HAL_Driver/Src/stm32f4xx_hal_gpio.o
                0x0000000008001e56                HAL_GPIO_TogglePin
 .text.HAL_I2C_Init
                0x0000000008001e8c      0x250 Drivers/STM32F4xx_HAL_Driver/Src/stm32f4xx_hal_i2c.o
                0x0000000008001e8c                HAL_I2C_Init
 .text.HAL_I2C_Mem_Write
                0x00000000080020dc      0x1f4 Drivers/STM32F4xx_HAL_Driver/Src/stm32f4xx_hal_i2c.o
                0x00000000080020dc                HAL_I2C_Mem_Write
 .text.HAL_I2C_Mem_Read
                0x00000000080022d0      0x44c Drivers/STM32F4xx_HAL_Driver/Src/stm32f4xx_hal_i2c.o
                0x00000000080022d0                HAL_I2C_Mem_Read
 .text.HAL_I2C_Mem_Read_DMA
                0x000000000800271c      0x298 Drivers/STM32F4xx_HAL_Driver/Src/stm32f4xx_hal_i2c.o
                0x000000000800271c                HAL_I2C_Mem_Read_DMA
 .text.HAL_I2C_EV_IRQHandler
                0x00000000080029b4      0x2cc Drivers/STM32F4xx_HAL_Driver/Src/stm32f4xx_hal_i2c.o
                0x00000000080029b4                HAL_I2C_EV_IRQHandler
 .text.HAL_I2C_MasterTxCpltCallback
                0x0000000008002c80       0x14 Drivers/STM32F4xx_HAL_Driver/Src/stm32f4xx_hal_i2c.o
                0x0000000008002c80                HAL_I2C_MasterTxCpltCallback
 .text.HAL_I2C_MasterRxCpltCallback
                0x0000000008002c94       0x14 Drivers/STM32F4xx_HAL_Driver/Src/stm32f4xx_hal_i2c.o
                0x0000000008002c94                HAL_I2C_MasterRxCpltCallback
 .text.HAL_I2C_SlaveTxCpltCallback
                0x0000000008002ca8       0x14 Drivers/STM32F4xx_HAL_Driver/Src/stm32f4xx_hal_i2c.o
                0x0000000008002ca8                HAL_I2C_SlaveTxCpltCallback
 .text.HAL_I2C_SlaveRxCpltCallback
                0x0000000008002cbc       0x14 Drivers/STM32F4xx_HAL_Driver/Src/stm32f4xx_hal_i2c.o
                0x0000000008002cbc                HAL_I2C_SlaveRxCpltCallback
 .text.HAL_I2C_AddrCallback
                0x0000000008002cd0       0x1c Drivers/STM32F4xx_HAL_Driver/Src/stm32f4xx_hal_i2c.o
                0x0000000008002cd0                HAL_I2C_AddrCallback
 .text.HAL_I2C_ListenCpltCallback
                0x0000000008002cec       0x14 Drivers/STM32F4xx_HAL_Driver/Src/stm32f4xx_hal_i2c.o
                0x0000000008002cec                HAL_I2C_ListenCpltCallback
 .text.HAL_I2C_MemTxCpltCallback
                0x0000000008002d00       0x14 Drivers/STM32F4xx_HAL_Driver/Src/stm32f4xx_hal_i2c.o
                0x0000000008002d00                HAL_I2C_MemTxCpltCallback
 .text.HAL_I2C_ErrorCallback
                0x0000000008002d14       0x14 Drivers/STM32F4xx_HAL_Driver/Src/stm32f4xx_hal_i2c.o
                0x0000000008002d14                HAL_I2C_ErrorCallback
 .text.HAL_I2C_AbortCpltCallback
                0x0000000008002d28       0x14 Drivers/STM32F4xx_HAL_Driver/Src/stm32f4xx_hal_i2c.o
                0x0000000008002d28                HAL_I2C_AbortCpltCallback
 .text.I2C_MasterTransmit_TXE
                0x0000000008002d3c      0x1f0 Drivers/STM32F4xx_HAL_Driver/Src/stm32f4xx_hal_i2c.o
 .text.I2C_MasterTransmit_BTF
                0x0000000008002f2c       0xec Drivers/STM32F4xx_HAL_Driver/Src/stm32f4xx_hal_i2c.o
 .text.I2C_MasterReceive_RXNE
                0x0000000008003018      0x104 Drivers/STM32F4xx_HAL_Driver/Src/stm32f4xx_hal_i2c.o
 .text.I2C_MasterReceive_BTF
                0x000000000800311c      0x1d4 Drivers/STM32F4xx_HAL_Driver/Src/stm32f4xx_hal_i2c.o
 .text.I2C_Master_SB
                0x00000000080032f0      0x10c Drivers/STM32F4xx_HAL_Driver/Src/stm32f4xx_hal_i2c.o
 .text.I2C_Master_ADD10
                0x00000000080033fc       0x54 Drivers/STM32F4xx_HAL_Driver/Src/stm32f4xx_hal_i2c.o
 .text.I2C_Master_ADDR
                0x0000000008003450      0x322 Drivers/STM32F4xx_HAL_Driver/Src/stm32f4xx_hal_i2c.o
 .text.I2C_SlaveTransmit_TXE
                0x0000000008003772       0x7a Drivers/STM32F4xx_HAL_Driver/Src/stm32f4xx_hal_i2c.o
 .text.I2C_SlaveTransmit_BTF
                0x00000000080037ec       0x42 Drivers/STM32F4xx_HAL_Driver/Src/stm32f4xx_hal_i2c.o
 .text.I2C_SlaveReceive_RXNE
                0x000000000800382e       0x7c Drivers/STM32F4xx_HAL_Driver/Src/stm32f4xx_hal_i2c.o
 .text.I2C_SlaveReceive_BTF
                0x00000000080038aa       0x44 Drivers/STM32F4xx_HAL_Driver/Src/stm32f4xx_hal_i2c.o
 .text.I2C_Slave_ADDR
                0x00000000080038ee       0x88 Drivers/STM32F4xx_HAL_Driver/Src/stm32f4xx_hal_i2c.o
 *fill*         0x0000000008003976        0x2 
 .text.I2C_Slave_STOPF
                0x0000000008003978      0x260 Drivers/STM32F4xx_HAL_Driver/Src/stm32f4xx_hal_i2c.o
 .text.I2C_ITError
                0x0000000008003bd8      0x230 Drivers/STM32F4xx_HAL_Driver/Src/stm32f4xx_hal_i2c.o
 .text.I2C_RequestMemoryWrite
                0x0000000008003e08      0x114 Drivers/STM32F4xx_HAL_Driver/Src/stm32f4xx_hal_i2c.o
 .text.I2C_RequestMemoryRead
                0x0000000008003f1c      0x1a0 Drivers/STM32F4xx_HAL_Driver/Src/stm32f4xx_hal_i2c.o
 .text.I2C_DMAXferCplt
                0x00000000080040bc      0x19a Drivers/STM32F4xx_HAL_Driver/Src/stm32f4xx_hal_i2c.o
 .text.I2C_DMAError
                0x0000000008004256       0x6a Drivers/STM32F4xx_HAL_Driver/Src/stm32f4xx_hal_i2c.o
 .text.I2C_DMAAbort
                0x00000000080042c0       0xde Drivers/STM32F4xx_HAL_Driver/Src/stm32f4xx_hal_i2c.o
 .text.I2C_WaitOnFlagUntilTimeout
                0x000000000800439e       0xae Drivers/STM32F4xx_HAL_Driver/Src/stm32f4xx_hal_i2c.o
 .text.I2C_WaitOnMasterAddressFlagUntilTimeout
                0x000000000800444c       0xfe Drivers/STM32F4xx_HAL_Driver/Src/stm32f4xx_hal_i2c.o
 .text.I2C_WaitOnTXEFlagUntilTimeout
                0x000000000800454a       0x82 Drivers/STM32F4xx_HAL_Driver/Src/stm32f4xx_hal_i2c.o
 .text.I2C_WaitOnBTFFlagUntilTimeout
                0x00000000080045cc       0x82 Drivers/STM32F4xx_HAL_Driver/Src/stm32f4xx_hal_i2c.o
 .text.I2C_WaitOnRXNEFlagUntilTimeout
                0x000000000800464e       0xac Drivers/STM32F4xx_HAL_Driver/Src/stm32f4xx_hal_i2c.o
 .text.I2C_IsAcknowledgeFailed
                0x00000000080046fa       0x5e Drivers/STM32F4xx_HAL_Driver/Src/stm32f4xx_hal_i2c.o
 .text.I2C_ConvertOtherXferOptions
                0x0000000008004758       0x36 Drivers/STM32F4xx_HAL_Driver/Src/stm32f4xx_hal_i2c.o
 *fill*         0x000000000800478e        0x2 
 .text.HAL_RCC_OscConfig
                0x0000000008004790      0x484 Drivers/STM32F4xx_HAL_Driver/Src/stm32f4xx_hal_rcc.o
                0x0000000008004790                HAL_RCC_OscConfig
 .text.HAL_RCC_ClockConfig
                0x0000000008004c14      0x1c4 Drivers/STM32F4xx_HAL_Driver/Src/stm32f4xx_hal_rcc.o
                0x0000000008004c14                HAL_RCC_ClockConfig
 .text.HAL_RCC_GetSysClockFreq
                0x0000000008004dd8      0x1b0 Drivers/STM32F4xx_HAL_Driver/Src/stm32f4xx_hal_rcc.o
                0x0000000008004dd8                HAL_RCC_GetSysClockFreq
 .text.HAL_RCC_GetHCLKFreq
                0x0000000008004f88       0x18 Drivers/STM32F4xx_HAL_Driver/Src/stm32f4xx_hal_rcc.o
                0x0000000008004f88                HAL_RCC_GetHCLKFreq
 .text.HAL_RCC_GetPCLK1Freq
                0x0000000008004fa0       0x28 Drivers/STM32F4xx_HAL_Driver/Src/stm32f4xx_hal_rcc.o
                0x0000000008004fa0                HAL_RCC_GetPCLK1Freq
 .text.HAL_RCC_GetPCLK2Freq
                0x0000000008004fc8       0x28 Drivers/STM32F4xx_HAL_Driver/Src/stm32f4xx_hal_rcc.o
                0x0000000008004fc8                HAL_RCC_GetPCLK2Freq
 .text.HAL_RCCEx_PeriphCLKConfig
                0x0000000008004ff0      0x1c4 Drivers/STM32F4xx_HAL_Driver/Src/stm32f4xx_hal_rcc_ex.o
                0x0000000008004ff0                HAL_RCCEx_PeriphCLKConfig
 .text.HAL_RTC_Init
                0x00000000080051b4      0x122 Drivers/STM32F4xx_HAL_Driver/Src/stm32f4xx_hal_rtc.o
                0x00000000080051b4                HAL_RTC_Init
 .text.HAL_RTC_WaitForSynchro
                0x00000000080052d6       0x50 Drivers/STM32F4xx_HAL_Driver/Src/stm32f4xx_hal_rtc.o
                0x00000000080052d6                HAL_RTC_WaitForSynchro
 .text.RTC_EnterInitMode
                0x0000000008005326       0x58 Drivers/STM32F4xx_HAL_Driver/Src/stm32f4xx_hal_rtc.o
                0x0000000008005326                RTC_EnterInitMode
 .text.HAL_SPI_Init
                0x000000000800537e       0xc8 Drivers/STM32F4xx_HAL_Driver/Src/stm32f4xx_hal_spi.o
                0x000000000800537e                HAL_SPI_Init
 .text.HAL_TIM_Base_Init
                0x0000000008005446       0x56 Drivers/STM32F4xx_HAL_Driver/Src/stm32f4xx_hal_tim.o
                0x0000000008005446                HAL_TIM_Base_Init
 .text.HAL_TIM_Base_Start
                0x000000000800549c       0x48 Drivers/STM32F4xx_HAL_Driver/Src/stm32f4xx_hal_tim.o
                0x000000000800549c                HAL_TIM_Base_Start
 .text.HAL_TIM_Base_Stop
                0x00000000080054e4       0x56 Drivers/STM32F4xx_HAL_Driver/Src/stm32f4xx_hal_tim.o
                0x00000000080054e4                HAL_TIM_Base_Stop
 .text.HAL_TIM_Base_Start_IT
                0x000000000800553a       0x48 Drivers/STM32F4xx_HAL_Driver/Src/stm32f4xx_hal_tim.o
                0x000000000800553a                HAL_TIM_Base_Start_IT
 .text.HAL_TIM_IRQHandler
                0x0000000008005582      0x210 Drivers/STM32F4xx_HAL_Driver/Src/stm32f4xx_hal_tim.o
                0x0000000008005582                HAL_TIM_IRQHandler
 .text.HAL_TIM_OC_DelayElapsedCallback
                0x0000000008005792       0x14 Drivers/STM32F4xx_HAL_Driver/Src/stm32f4xx_hal_tim.o
                0x0000000008005792                HAL_TIM_OC_DelayElapsedCallback
 .text.HAL_TIM_IC_CaptureCallback
                0x00000000080057a6       0x14 Drivers/STM32F4xx_HAL_Driver/Src/stm32f4xx_hal_tim.o
                0x00000000080057a6                HAL_TIM_IC_CaptureCallback
 .text.HAL_TIM_PWM_PulseFinishedCallback
                0x00000000080057ba       0x14 Drivers/STM32F4xx_HAL_Driver/Src/stm32f4xx_hal_tim.o
                0x00000000080057ba                HAL_TIM_PWM_PulseFinishedCallback
 .text.HAL_TIM_TriggerCallback
                0x00000000080057ce       0x14 Drivers/STM32F4xx_HAL_Driver/Src/stm32f4xx_hal_tim.o
                0x00000000080057ce                HAL_TIM_TriggerCallback
 *fill*         0x00000000080057e2        0x2 
 .text.TIM_Base_SetConfig
                0x00000000080057e4      0x140 Drivers/STM32F4xx_HAL_Driver/Src/stm32f4xx_hal_tim.o
                0x00000000080057e4                TIM_Base_SetConfig
 .text.HAL_TIMEx_CommutCallback
                0x0000000008005924       0x14 Drivers/STM32F4xx_HAL_Driver/Src/stm32f4xx_hal_tim_ex.o
                0x0000000008005924                HAL_TIMEx_CommutCallback
 .text.HAL_TIMEx_BreakCallback
                0x0000000008005938       0x14 Drivers/STM32F4xx_HAL_Driver/Src/stm32f4xx_hal_tim_ex.o
                0x0000000008005938                HAL_TIMEx_BreakCallback
 .text.HAL_UART_Init
                0x000000000800594c       0x9a Drivers/STM32F4xx_HAL_Driver/Src/stm32f4xx_hal_uart.o
                0x000000000800594c                HAL_UART_Init
 .text.HAL_UART_Transmit
                0x00000000080059e6      0x132 Drivers/STM32F4xx_HAL_Driver/Src/stm32f4xx_hal_uart.o
                0x00000000080059e6                HAL_UART_Transmit
 .text.UART_WaitOnFlagUntilTimeout
                0x0000000008005b18       0x94 Drivers/STM32F4xx_HAL_Driver/Src/stm32f4xx_hal_uart.o
 .text.UART_SetConfig
                0x0000000008005bac      0x414 Drivers/STM32F4xx_HAL_Driver/Src/stm32f4xx_hal_uart.o
 .text.CRC16_Calc
                0x0000000008005fc0       0x50 Src/CRC16.o
                0x0000000008005fc0                CRC16_Calc
 .text.CRC16_Check
                0x0000000008006010       0x3a Src/CRC16.o
                0x0000000008006010                CRC16_Check
 *fill*         0x000000000800604a        0x2 
 .text.MadgwickAHRSupdateIMU
                0x000000000800604c      0x64c Src/MadgwickAHRS.o
                0x000000000800604c                MadgwickAHRSupdateIMU
 .text.invSqrt  0x0000000008006698       0x78 Src/MadgwickAHRS.o
                0x0000000008006698                invSqrt
 .text.SLIP_Init
                0x0000000008006710       0x48 Src/SLIP.o
                0x0000000008006710                SLIP_Init
 .text.SLIP_StoreTxByte
                0x0000000008006758       0x3c Src/SLIP.o
 .text.SLIP_EncodeData
                0x0000000008006794       0x9c Src/SLIP.o
                0x0000000008006794                SLIP_EncodeData
 .text.SLIP_SetRxBuffer
                0x0000000008006830       0x44 Src/SLIP.o
                0x0000000008006830                SLIP_SetRxBuffer
 .text.SerialDevice_SendData
                0x0000000008006874       0x44 Src/WiMOD_HCI_Layer.o
                0x0000000008006874                SerialDevice_SendData
 .text.WiMOD_HCI_Init
                0x00000000080068b8       0x44 Src/WiMOD_HCI_Layer.o
                0x00000000080068b8                WiMOD_HCI_Init
 .text.WiMOD_HCI_SendMessage
                0x00000000080068fc       0x9c Src/WiMOD_HCI_Layer.o
                0x00000000080068fc                WiMOD_HCI_SendMessage
 .text.WiMOD_HCI_ProcessRxMessage
                0x0000000008006998       0x78 Src/WiMOD_HCI_Layer.o
 .text.led2_t   0x0000000008006a10       0x14 Src/confic.o
                0x0000000008006a10                led2_t
 .text.led3_t   0x0000000008006a24       0x14 Src/confic.o
                0x0000000008006a24                led3_t
 .text.leds_reset
                0x0000000008006a38       0x20 Src/confic.o
                0x0000000008006a38                leds_reset
 .text.leds_set
                0x0000000008006a58       0x20 Src/confic.o
                0x0000000008006a58                leds_set
 .text.blink    0x0000000008006a78       0x3e Src/confic.o
                0x0000000008006a78                blink
 *fill*         0x0000000008006ab6        0x2 
 .text.print_uart
                0x0000000008006ab8       0x44 Src/confic.o
                0x0000000008006ab8                print_uart
 .text.pitch    0x0000000008006afc       0x58 Src/control.o
                0x0000000008006afc                pitch
 .text.yaw      0x0000000008006b54       0x58 Src/control.o
                0x0000000008006b54                yaw
 .text.center_off
                0x0000000008006bac       0x3c Src/control.o
                0x0000000008006bac                center_off
 .text.pid_init
                0x0000000008006be8       0x60 Src/control.o
                0x0000000008006be8                pid_init
 .text.pid_pitch
                0x0000000008006c48      0x100 Src/control.o
                0x0000000008006c48                pid_pitch
 .text.pid_roll
                0x0000000008006d48        0xe Src/control.o
                0x0000000008006d48                pid_roll
 *fill*         0x0000000008006d56        0x2 
 .text.pid_yaw  0x0000000008006d58      0x100 Src/control.o
                0x0000000008006d58                pid_yaw
 .text.HAL_TIM_PeriodElapsedCallback
                0x0000000008006e58      0x188 Src/main.o
                0x0000000008006e58                HAL_TIM_PeriodElapsedCallback
 .text.HAL_I2C_MemRxCpltCallback
                0x0000000008006fe0      0x2d4 Src/main.o
                0x0000000008006fe0                HAL_I2C_MemRxCpltCallback
 .text.dump_quat_on_uart
                0x00000000080072b4      0x214 Src/main.o
                0x00000000080072b4                dump_quat_on_uart
 .text.lora_cb  0x00000000080074c8       0x3c Src/main.o
                0x00000000080074c8                lora_cb
 .text.main     0x0000000008007504      0x364 Src/main.o
                0x0000000008007504                main
 .text.SystemClock_Config
                0x0000000008007868      0x104 Src/main.o
                0x0000000008007868                SystemClock_Config
 .text.MX_NVIC_Init
                0x000000000800796c       0x58 Src/main.o
 .text.MX_I2C1_Init
                0x00000000080079c4       0x5c Src/main.o
 .text.MX_RTC_Init
                0x0000000008007a20       0x4c Src/main.o
 .text.MX_SPI1_Init
                0x0000000008007a6c       0x6c Src/main.o
 .text.MX_TIM10_Init
                0x0000000008007ad8       0x48 Src/main.o
 .text.MX_TIM11_Init
                0x0000000008007b20       0x48 Src/main.o
 .text.MX_USART1_UART_Init
                0x0000000008007b68       0x54 Src/main.o
 .text.MX_USART2_UART_Init
                0x0000000008007bbc       0x54 Src/main.o
 .text.MX_USART3_UART_Init
                0x0000000008007c10       0x54 Src/main.o
 .text.MX_DMA_Init
                0x0000000008007c64       0x6c Src/main.o
 .text.MX_GPIO_Init
                0x0000000008007cd0      0x168 Src/main.o
 .text.Error_Handler
                0x0000000008007e38        0xe Src/main.o
                0x0000000008007e38                Error_Handler
 *fill*         0x0000000008007e46        0x2 
 .text.mpu_init_std
                0x0000000008007e48       0x8c Src/mpu.o
                0x0000000008007e48                mpu_init_std
 *fill*         0x0000000008007ed4        0x4 
 .text.mpu_calibrate
                0x0000000008007ed8      0x43c Src/mpu.o
                0x0000000008007ed8                mpu_calibrate
 .text.mpu_get_all_dma
                0x0000000008008314       0x28 Src/mpu.o
                0x0000000008008314                mpu_get_all_dma
 .text.quat_multiply
                0x000000000800833c      0x162 Src/quaternion.o
                0x000000000800833c                quat_multiply
 .text.quat_qpq
                0x000000000800849e       0x44 Src/quaternion.o
                0x000000000800849e                quat_qpq
 .text.quat_copy
                0x00000000080084e2       0x36 Src/quaternion.o
                0x00000000080084e2                quat_copy
 .text.quat_conj
                0x0000000008008518       0x44 Src/quaternion.o
                0x0000000008008518                quat_conj
 .text.HAL_MspInit
                0x000000000800855c       0x50 Src/stm32f4xx_hal_msp.o
                0x000000000800855c                HAL_MspInit
 .text.HAL_I2C_MspInit
                0x00000000080085ac      0x158 Src/stm32f4xx_hal_msp.o
                0x00000000080085ac                HAL_I2C_MspInit
 .text.HAL_RTC_MspInit
                0x0000000008008704       0x2c Src/stm32f4xx_hal_msp.o
                0x0000000008008704                HAL_RTC_MspInit
 .text.HAL_SPI_MspInit
                0x0000000008008730      0x158 Src/stm32f4xx_hal_msp.o
                0x0000000008008730                HAL_SPI_MspInit
 .text.HAL_TIM_Base_MspInit
                0x0000000008008888       0x70 Src/stm32f4xx_hal_msp.o
                0x0000000008008888                HAL_TIM_Base_MspInit
 .text.HAL_UART_MspInit
                0x00000000080088f8      0x168 Src/stm32f4xx_hal_msp.o
                0x00000000080088f8                HAL_UART_MspInit
 .text.NMI_Handler
                0x0000000008008a60        0xe Src/stm32f4xx_it.o
                0x0000000008008a60                NMI_Handler
 .text.HardFault_Handler
                0x0000000008008a6e        0x6 Src/stm32f4xx_it.o
                0x0000000008008a6e                HardFault_Handler
 .text.MemManage_Handler
                0x0000000008008a74        0x6 Src/stm32f4xx_it.o
                0x0000000008008a74                MemManage_Handler
 .text.BusFault_Handler
                0x0000000008008a7a        0x6 Src/stm32f4xx_it.o
                0x0000000008008a7a                BusFault_Handler
 .text.UsageFault_Handler
                0x0000000008008a80        0x6 Src/stm32f4xx_it.o
                0x0000000008008a80                UsageFault_Handler
 .text.SVC_Handler
                0x0000000008008a86        0xe Src/stm32f4xx_it.o
                0x0000000008008a86                SVC_Handler
 .text.DebugMon_Handler
                0x0000000008008a94        0xe Src/stm32f4xx_it.o
                0x0000000008008a94                DebugMon_Handler
 .text.PendSV_Handler
                0x0000000008008aa2        0xe Src/stm32f4xx_it.o
                0x0000000008008aa2                PendSV_Handler
 .text.SysTick_Handler
                0x0000000008008ab0        0xc Src/stm32f4xx_it.o
                0x0000000008008ab0                SysTick_Handler
 .text.DMA1_Stream0_IRQHandler
                0x0000000008008abc       0x14 Src/stm32f4xx_it.o
                0x0000000008008abc                DMA1_Stream0_IRQHandler
 .text.DMA1_Stream6_IRQHandler
                0x0000000008008ad0       0x14 Src/stm32f4xx_it.o
                0x0000000008008ad0                DMA1_Stream6_IRQHandler
 .text.TIM1_UP_TIM10_IRQHandler
                0x0000000008008ae4       0x14 Src/stm32f4xx_it.o
                0x0000000008008ae4                TIM1_UP_TIM10_IRQHandler
 .text.TIM1_TRG_COM_TIM11_IRQHandler
                0x0000000008008af8       0x14 Src/stm32f4xx_it.o
                0x0000000008008af8                TIM1_TRG_COM_TIM11_IRQHandler
 .text.I2C1_EV_IRQHandler
                0x0000000008008b0c       0x14 Src/stm32f4xx_it.o
                0x0000000008008b0c                I2C1_EV_IRQHandler
 .text.DMA2_Stream0_IRQHandler
                0x0000000008008b20       0x14 Src/stm32f4xx_it.o
                0x0000000008008b20                DMA2_Stream0_IRQHandler
 .text.DMA2_Stream3_IRQHandler
                0x0000000008008b34       0x14 Src/stm32f4xx_it.o
                0x0000000008008b34                DMA2_Stream3_IRQHandler
 .text.SystemInit
                0x0000000008008b48       0x6c Src/system_stm32f4xx.o
                0x0000000008008b48                SystemInit
 .text.Reset_Handler
                0x0000000008008bb4       0x50 Startup/startup_stm32f407vetx.o
                0x0000000008008bb4                Reset_Handler
 .text.Default_Handler
                0x0000000008008c04        0x2 Startup/startup_stm32f407vetx.o
                0x0000000008008c04                RTC_Alarm_IRQHandler
                0x0000000008008c04                HASH_RNG_IRQHandler
                0x0000000008008c04                EXTI2_IRQHandler
                0x0000000008008c04                TIM8_CC_IRQHandler
                0x0000000008008c04                TIM1_CC_IRQHandler
                0x0000000008008c04                DMA2_Stream5_IRQHandler
                0x0000000008008c04                DMA1_Stream5_IRQHandler
                0x0000000008008c04                PVD_IRQHandler
                0x0000000008008c04                SDIO_IRQHandler
                0x0000000008008c04                TAMP_STAMP_IRQHandler
                0x0000000008008c04                CAN2_RX1_IRQHandler
                0x0000000008008c04                EXTI3_IRQHandler
                0x0000000008008c04                TIM8_TRG_COM_TIM14_IRQHandler
                0x0000000008008c04                TIM8_UP_TIM13_IRQHandler
                0x0000000008008c04                I2C3_ER_IRQHandler
                0x0000000008008c04                EXTI0_IRQHandler
                0x0000000008008c04                I2C2_EV_IRQHandler
                0x0000000008008c04                DMA1_Stream2_IRQHandler
                0x0000000008008c04                CAN1_RX0_IRQHandler
                0x0000000008008c04                FPU_IRQHandler
                0x0000000008008c04                OTG_HS_WKUP_IRQHandler
                0x0000000008008c04                CAN2_SCE_IRQHandler
                0x0000000008008c04                DMA2_Stream2_IRQHandler
                0x0000000008008c04                SPI1_IRQHandler
                0x0000000008008c04                TIM6_DAC_IRQHandler
                0x0000000008008c04                TIM1_BRK_TIM9_IRQHandler
                0x0000000008008c04                DCMI_IRQHandler
                0x0000000008008c04                CAN2_RX0_IRQHandler
                0x0000000008008c04                USART6_IRQHandler
                0x0000000008008c04                USART3_IRQHandler
                0x0000000008008c04                CAN1_RX1_IRQHandler
                0x0000000008008c04                UART5_IRQHandler
                0x0000000008008c04                TIM4_IRQHandler
                0x0000000008008c04                DMA1_Stream1_IRQHandler
                0x0000000008008c04                UART4_IRQHandler
                0x0000000008008c04                TIM3_IRQHandler
                0x0000000008008c04                RCC_IRQHandler
                0x0000000008008c04                TIM8_BRK_TIM12_IRQHandler
                0x0000000008008c04                Default_Handler
                0x0000000008008c04                EXTI15_10_IRQHandler
                0x0000000008008c04                ADC_IRQHandler
                0x0000000008008c04                DMA1_Stream7_IRQHandler
                0x0000000008008c04                TIM7_IRQHandler
                0x0000000008008c04                CAN2_TX_IRQHandler
                0x0000000008008c04                TIM5_IRQHandler
                0x0000000008008c04                DMA2_Stream7_IRQHandler
                0x0000000008008c04                I2C3_EV_IRQHandler
                0x0000000008008c04                EXTI9_5_IRQHandler
                0x0000000008008c04                RTC_WKUP_IRQHandler
                0x0000000008008c04                ETH_WKUP_IRQHandler
                0x0000000008008c04                SPI2_IRQHandler
                0x0000000008008c04                OTG_HS_EP1_IN_IRQHandler
                0x0000000008008c04                CAN1_TX_IRQHandler
                0x0000000008008c04                EXTI4_IRQHandler
                0x0000000008008c04                FSMC_IRQHandler
                0x0000000008008c04                ETH_IRQHandler
                0x0000000008008c04                OTG_HS_EP1_OUT_IRQHandler
                0x0000000008008c04                WWDG_IRQHandler
                0x0000000008008c04                TIM2_IRQHandler
                0x0000000008008c04                OTG_FS_WKUP_IRQHandler
                0x0000000008008c04                OTG_HS_IRQHandler
                0x0000000008008c04                EXTI1_IRQHandler
                0x0000000008008c04                USART2_IRQHandler
                0x0000000008008c04                I2C2_ER_IRQHandler
                0x0000000008008c04                DMA2_Stream1_IRQHandler
                0x0000000008008c04                CAN1_SCE_IRQHandler
                0x0000000008008c04                FLASH_IRQHandler
                0x0000000008008c04                DMA2_Stream4_IRQHandler
                0x0000000008008c04                USART1_IRQHandler
                0x0000000008008c04                OTG_FS_IRQHandler
                0x0000000008008c04                SPI3_IRQHandler
                0x0000000008008c04                DMA1_Stream4_IRQHandler
                0x0000000008008c04                I2C1_ER_IRQHandler
                0x0000000008008c04                DMA2_Stream6_IRQHandler
                0x0000000008008c04                DMA1_Stream3_IRQHandler
 *fill*         0x0000000008008c06        0x2 
 .text.__errno  0x0000000008008c08        0xc c:/st/stm32cubeide_1.1.0/stm32cubeide/plugins/com.st.stm32cube.ide.mcu.externaltools.gnu-tools-for-stm32.7-2018-q2-update.win32_1.0.0.201904181610/tools/bin/../lib/gcc/arm-none-eabi/7.3.1/../../../../arm-none-eabi/lib/thumb/v7e-m/fpv4-sp/hard\libc_nano.a(lib_a-errno.o)
                0x0000000008008c08                __errno
 .text.__libc_init_array
                0x0000000008008c14       0x48 c:/st/stm32cubeide_1.1.0/stm32cubeide/plugins/com.st.stm32cube.ide.mcu.externaltools.gnu-tools-for-stm32.7-2018-q2-update.win32_1.0.0.201904181610/tools/bin/../lib/gcc/arm-none-eabi/7.3.1/../../../../arm-none-eabi/lib/thumb/v7e-m/fpv4-sp/hard\libc_nano.a(lib_a-init.o)
                0x0000000008008c14                __libc_init_array
 .text.__itoa   0x0000000008008c5c       0x30 c:/st/stm32cubeide_1.1.0/stm32cubeide/plugins/com.st.stm32cube.ide.mcu.externaltools.gnu-tools-for-stm32.7-2018-q2-update.win32_1.0.0.201904181610/tools/bin/../lib/gcc/arm-none-eabi/7.3.1/../../../../arm-none-eabi/lib/thumb/v7e-m/fpv4-sp/hard\libc_nano.a(lib_a-itoa.o)
                0x0000000008008c5c                __itoa
 .text.itoa     0x0000000008008c8c        0x4 c:/st/stm32cubeide_1.1.0/stm32cubeide/plugins/com.st.stm32cube.ide.mcu.externaltools.gnu-tools-for-stm32.7-2018-q2-update.win32_1.0.0.201904181610/tools/bin/../lib/gcc/arm-none-eabi/7.3.1/../../../../arm-none-eabi/lib/thumb/v7e-m/fpv4-sp/hard\libc_nano.a(lib_a-itoa.o)
                0x0000000008008c8c                itoa
 .text.memcpy   0x0000000008008c90       0x16 c:/st/stm32cubeide_1.1.0/stm32cubeide/plugins/com.st.stm32cube.ide.mcu.externaltools.gnu-tools-for-stm32.7-2018-q2-update.win32_1.0.0.201904181610/tools/bin/../lib/gcc/arm-none-eabi/7.3.1/../../../../arm-none-eabi/lib/thumb/v7e-m/fpv4-sp/hard\libc_nano.a(lib_a-memcpy-stub.o)
                0x0000000008008c90                memcpy
 .text.memset   0x0000000008008ca6       0x10 c:/st/stm32cubeide_1.1.0/stm32cubeide/plugins/com.st.stm32cube.ide.mcu.externaltools.gnu-tools-for-stm32.7-2018-q2-update.win32_1.0.0.201904181610/tools/bin/../lib/gcc/arm-none-eabi/7.3.1/../../../../arm-none-eabi/lib/thumb/v7e-m/fpv4-sp/hard\libc_nano.a(lib_a-memset.o)
                0x0000000008008ca6                memset
 *fill*         0x0000000008008cb6        0x2 
 .text.__utoa   0x0000000008008cb8       0x7c c:/st/stm32cubeide_1.1.0/stm32cubeide/plugins/com.st.stm32cube.ide.mcu.externaltools.gnu-tools-for-stm32.7-2018-q2-update.win32_1.0.0.201904181610/tools/bin/../lib/gcc/arm-none-eabi/7.3.1/../../../../arm-none-eabi/lib/thumb/v7e-m/fpv4-sp/hard\libc_nano.a(lib_a-utoa.o)
                0x0000000008008cb8                __utoa
 *fill*         0x0000000008008d34        0x4 
 .text.cos      0x0000000008008d38       0x88 c:/st/stm32cubeide_1.1.0/stm32cubeide/plugins/com.st.stm32cube.ide.mcu.externaltools.gnu-tools-for-stm32.7-2018-q2-update.win32_1.0.0.201904181610/tools/bin/../lib/gcc/arm-none-eabi/7.3.1/../../../../arm-none-eabi/lib/thumb/v7e-m/fpv4-sp/hard\libm.a(lib_a-s_cos.o)
                0x0000000008008d38                cos
 .text.sin      0x0000000008008dc0       0x90 c:/st/stm32cubeide_1.1.0/stm32cubeide/plugins/com.st.stm32cube.ide.mcu.externaltools.gnu-tools-for-stm32.7-2018-q2-update.win32_1.0.0.201904181610/tools/bin/../lib/gcc/arm-none-eabi/7.3.1/../../../../arm-none-eabi/lib/thumb/v7e-m/fpv4-sp/hard\libm.a(lib_a-s_sin.o)
                0x0000000008008dc0                sin
 .text.acos     0x0000000008008e50       0xb0 c:/st/stm32cubeide_1.1.0/stm32cubeide/plugins/com.st.stm32cube.ide.mcu.externaltools.gnu-tools-for-stm32.7-2018-q2-update.win32_1.0.0.201904181610/tools/bin/../lib/gcc/arm-none-eabi/7.3.1/../../../../arm-none-eabi/lib/thumb/v7e-m/fpv4-sp/hard\libm.a(lib_a-w_acos.o)
                0x0000000008008e50                acos
 .text.asin     0x0000000008008f00       0xb0 c:/st/stm32cubeide_1.1.0/stm32cubeide/plugins/com.st.stm32cube.ide.mcu.externaltools.gnu-tools-for-stm32.7-2018-q2-update.win32_1.0.0.201904181610/tools/bin/../lib/gcc/arm-none-eabi/7.3.1/../../../../arm-none-eabi/lib/thumb/v7e-m/fpv4-sp/hard\libm.a(lib_a-w_asin.o)
                0x0000000008008f00                asin
 .text.sqrtf    0x0000000008008fb0       0xa0 c:/st/stm32cubeide_1.1.0/stm32cubeide/plugins/com.st.stm32cube.ide.mcu.externaltools.gnu-tools-for-stm32.7-2018-q2-update.win32_1.0.0.201904181610/tools/bin/../lib/gcc/arm-none-eabi/7.3.1/../../../../arm-none-eabi/lib/thumb/v7e-m/fpv4-sp/hard\libm.a(lib_a-wf_sqrt.o)
                0x0000000008008fb0                sqrtf
 .text.__ieee754_acos
                0x0000000008009050      0x4b8 c:/st/stm32cubeide_1.1.0/stm32cubeide/plugins/com.st.stm32cube.ide.mcu.externaltools.gnu-tools-for-stm32.7-2018-q2-update.win32_1.0.0.201904181610/tools/bin/../lib/gcc/arm-none-eabi/7.3.1/../../../../arm-none-eabi/lib/thumb/v7e-m/fpv4-sp/hard\libm.a(lib_a-e_acos.o)
                0x0000000008009050                __ieee754_acos
 .text.__ieee754_asin
                0x0000000008009508      0x420 c:/st/stm32cubeide_1.1.0/stm32cubeide/plugins/com.st.stm32cube.ide.mcu.externaltools.gnu-tools-for-stm32.7-2018-q2-update.win32_1.0.0.201904181610/tools/bin/../lib/gcc/arm-none-eabi/7.3.1/../../../../arm-none-eabi/lib/thumb/v7e-m/fpv4-sp/hard\libm.a(lib_a-e_asin.o)
                0x0000000008009508                __ieee754_asin
 .text.__ieee754_rem_pio2
                0x0000000008009928      0x3e4 c:/st/stm32cubeide_1.1.0/stm32cubeide/plugins/com.st.stm32cube.ide.mcu.externaltools.gnu-tools-for-stm32.7-2018-q2-update.win32_1.0.0.201904181610/tools/bin/../lib/gcc/arm-none-eabi/7.3.1/../../../../arm-none-eabi/lib/thumb/v7e-m/fpv4-sp/hard\libm.a(lib_a-e_rem_pio2.o)
                0x0000000008009928                __ieee754_rem_pio2
 .text.__ieee754_sqrt
                0x0000000008009d0c      0x160 c:/st/stm32cubeide_1.1.0/stm32cubeide/plugins/com.st.stm32cube.ide.mcu.externaltools.gnu-tools-for-stm32.7-2018-q2-update.win32_1.0.0.201904181610/tools/bin/../lib/gcc/arm-none-eabi/7.3.1/../../../../arm-none-eabi/lib/thumb/v7e-m/fpv4-sp/hard\libm.a(lib_a-e_sqrt.o)
                0x0000000008009d0c                __ieee754_sqrt
 .text.__ieee754_sqrtf
                0x0000000008009e6c        0x6 c:/st/stm32cubeide_1.1.0/stm32cubeide/plugins/com.st.stm32cube.ide.mcu.externaltools.gnu-tools-for-stm32.7-2018-q2-update.win32_1.0.0.201904181610/tools/bin/../lib/gcc/arm-none-eabi/7.3.1/../../../../arm-none-eabi/lib/thumb/v7e-m/fpv4-sp/hard\libm.a(lib_a-ef_sqrt.o)
                0x0000000008009e6c                __ieee754_sqrtf
 *fill*         0x0000000008009e72        0x6 
 .text.__kernel_cos
                0x0000000008009e78      0x18c c:/st/stm32cubeide_1.1.0/stm32cubeide/plugins/com.st.stm32cube.ide.mcu.externaltools.gnu-tools-for-stm32.7-2018-q2-update.win32_1.0.0.201904181610/tools/bin/../lib/gcc/arm-none-eabi/7.3.1/../../../../arm-none-eabi/lib/thumb/v7e-m/fpv4-sp/hard\libm.a(lib_a-k_cos.o)
                0x0000000008009e78                __kernel_cos
 *fill*         0x000000000800a004        0x4 
 .text.__kernel_rem_pio2
                0x000000000800a008      0x680 c:/st/stm32cubeide_1.1.0/stm32cubeide/plugins/com.st.stm32cube.ide.mcu.externaltools.gnu-tools-for-stm32.7-2018-q2-update.win32_1.0.0.201904181610/tools/bin/../lib/gcc/arm-none-eabi/7.3.1/../../../../arm-none-eabi/lib/thumb/v7e-m/fpv4-sp/hard\libm.a(lib_a-k_rem_pio2.o)
                0x000000000800a008                __kernel_rem_pio2
 .text.__kernel_sin
                0x000000000800a688      0x174 c:/st/stm32cubeide_1.1.0/stm32cubeide/plugins/com.st.stm32cube.ide.mcu.externaltools.gnu-tools-for-stm32.7-2018-q2-update.win32_1.0.0.201904181610/tools/bin/../lib/gcc/arm-none-eabi/7.3.1/../../../../arm-none-eabi/lib/thumb/v7e-m/fpv4-sp/hard\libm.a(lib_a-k_sin.o)
                0x000000000800a688                __kernel_sin
 .text.fabs     0x000000000800a7fc       0x12 c:/st/stm32cubeide_1.1.0/stm32cubeide/plugins/com.st.stm32cube.ide.mcu.externaltools.gnu-tools-for-stm32.7-2018-q2-update.win32_1.0.0.201904181610/tools/bin/../lib/gcc/arm-none-eabi/7.3.1/../../../../arm-none-eabi/lib/thumb/v7e-m/fpv4-sp/hard\libm.a(lib_a-s_fabs.o)
                0x000000000800a7fc                fabs
 *fill*         0x000000000800a80e        0x2 
 .text.floor    0x000000000800a810      0x108 c:/st/stm32cubeide_1.1.0/stm32cubeide/plugins/com.st.stm32cube.ide.mcu.externaltools.gnu-tools-for-stm32.7-2018-q2-update.win32_1.0.0.201904181610/tools/bin/../lib/gcc/arm-none-eabi/7.3.1/../../../../arm-none-eabi/lib/thumb/v7e-m/fpv4-sp/hard\libm.a(lib_a-s_floor.o)
                0x000000000800a810                floor
 .text.matherr  0x000000000800a918        0x4 c:/st/stm32cubeide_1.1.0/stm32cubeide/plugins/com.st.stm32cube.ide.mcu.externaltools.gnu-tools-for-stm32.7-2018-q2-update.win32_1.0.0.201904181610/tools/bin/../lib/gcc/arm-none-eabi/7.3.1/../../../../arm-none-eabi/lib/thumb/v7e-m/fpv4-sp/hard\libm.a(lib_a-s_matherr.o)
                0x000000000800a918                matherr
 *fill*         0x000000000800a91c        0x4 
 .text.nan      0x000000000800a920       0x10 c:/st/stm32cubeide_1.1.0/stm32cubeide/plugins/com.st.stm32cube.ide.mcu.externaltools.gnu-tools-for-stm32.7-2018-q2-update.win32_1.0.0.201904181610/tools/bin/../lib/gcc/arm-none-eabi/7.3.1/../../../../arm-none-eabi/lib/thumb/v7e-m/fpv4-sp/hard\libm.a(lib_a-s_nan.o)
                0x000000000800a920                nan
 .text.scalbn   0x000000000800a930       0xec c:/st/stm32cubeide_1.1.0/stm32cubeide/plugins/com.st.stm32cube.ide.mcu.externaltools.gnu-tools-for-stm32.7-2018-q2-update.win32_1.0.0.201904181610/tools/bin/../lib/gcc/arm-none-eabi/7.3.1/../../../../arm-none-eabi/lib/thumb/v7e-m/fpv4-sp/hard\libm.a(lib_a-s_scalbn.o)
                0x000000000800a930                scalbn
 .text.copysign
                0x000000000800aa1c       0x1e c:/st/stm32cubeide_1.1.0/stm32cubeide/plugins/com.st.stm32cube.ide.mcu.externaltools.gnu-tools-for-stm32.7-2018-q2-update.win32_1.0.0.201904181610/tools/bin/../lib/gcc/arm-none-eabi/7.3.1/../../../../arm-none-eabi/lib/thumb/v7e-m/fpv4-sp/hard\libm.a(lib_a-s_copysign.o)
                0x000000000800aa1c                copysign
 *(.glue_7)
 .glue_7        0x000000000800aa3a        0x0 linker stubs
 *(.glue_7t)
 .glue_7t       0x000000000800aa3a        0x0 linker stubs
 *(.eh_frame)
 *fill*         0x000000000800aa3a        0x2 
 .eh_frame      0x000000000800aa3c        0x0 c:/st/stm32cubeide_1.1.0/stm32cubeide/plugins/com.st.stm32cube.ide.mcu.externaltools.gnu-tools-for-stm32.7-2018-q2-update.win32_1.0.0.201904181610/tools/bin/../lib/gcc/arm-none-eabi/7.3.1/thumb/v7e-m/fpv4-sp/hard/crtbegin.o
 *(.init)
 .init          0x000000000800aa3c        0x4 c:/st/stm32cubeide_1.1.0/stm32cubeide/plugins/com.st.stm32cube.ide.mcu.externaltools.gnu-tools-for-stm32.7-2018-q2-update.win32_1.0.0.201904181610/tools/bin/../lib/gcc/arm-none-eabi/7.3.1/thumb/v7e-m/fpv4-sp/hard/crti.o
                0x000000000800aa3c                _init
 .init          0x000000000800aa40        0x8 c:/st/stm32cubeide_1.1.0/stm32cubeide/plugins/com.st.stm32cube.ide.mcu.externaltools.gnu-tools-for-stm32.7-2018-q2-update.win32_1.0.0.201904181610/tools/bin/../lib/gcc/arm-none-eabi/7.3.1/thumb/v7e-m/fpv4-sp/hard/crtn.o
 *(.fini)
 .fini          0x000000000800aa48        0x4 c:/st/stm32cubeide_1.1.0/stm32cubeide/plugins/com.st.stm32cube.ide.mcu.externaltools.gnu-tools-for-stm32.7-2018-q2-update.win32_1.0.0.201904181610/tools/bin/../lib/gcc/arm-none-eabi/7.3.1/thumb/v7e-m/fpv4-sp/hard/crti.o
                0x000000000800aa48                _fini
 .fini          0x000000000800aa4c        0x8 c:/st/stm32cubeide_1.1.0/stm32cubeide/plugins/com.st.stm32cube.ide.mcu.externaltools.gnu-tools-for-stm32.7-2018-q2-update.win32_1.0.0.201904181610/tools/bin/../lib/gcc/arm-none-eabi/7.3.1/thumb/v7e-m/fpv4-sp/hard/crtn.o
                0x000000000800aa54                . = ALIGN (0x4)
                0x000000000800aa54                _etext = .

.vfp11_veneer   0x000000000800aa54        0x0
 .vfp11_veneer  0x000000000800aa54        0x0 linker stubs

.v4_bx          0x000000000800aa54        0x0
 .v4_bx         0x000000000800aa54        0x0 linker stubs

.iplt           0x000000000800aa54        0x0
 .iplt          0x000000000800aa54        0x0 c:/st/stm32cubeide_1.1.0/stm32cubeide/plugins/com.st.stm32cube.ide.mcu.externaltools.gnu-tools-for-stm32.7-2018-q2-update.win32_1.0.0.201904181610/tools/bin/../lib/gcc/arm-none-eabi/7.3.1/thumb/v7e-m/fpv4-sp/hard/crtbegin.o

.rodata         0x000000000800aa58      0x460
                0x000000000800aa58                . = ALIGN (0x4)
 *(.rodata)
 .rodata        0x000000000800aa58       0x1f Src/main.o
 *fill*         0x000000000800aa77        0x1 
 .rodata        0x000000000800aa78        0x9 Src/mpu.o
 *(.rodata*)
 *fill*         0x000000000800aa81        0x3 
 .rodata.flagBitshiftOffset.8701
                0x000000000800aa84        0x8 Drivers/STM32F4xx_HAL_Driver/Src/stm32f4xx_hal_dma.o
 .rodata.CRC16_Table
                0x000000000800aa8c      0x200 Src/CRC16.o
                0x000000000800aa8c                CRC16_Table
 .rodata.AHBPrescTable
                0x000000000800ac8c       0x10 Src/system_stm32f4xx.o
                0x000000000800ac8c                AHBPrescTable
 .rodata.APBPrescTable
                0x000000000800ac9c        0x8 Src/system_stm32f4xx.o
                0x000000000800ac9c                APBPrescTable
 .rodata.__utoa.str1.1
                0x000000000800aca4       0x25 c:/st/stm32cubeide_1.1.0/stm32cubeide/plugins/com.st.stm32cube.ide.mcu.externaltools.gnu-tools-for-stm32.7-2018-q2-update.win32_1.0.0.201904181610/tools/bin/../lib/gcc/arm-none-eabi/7.3.1/../../../../arm-none-eabi/lib/thumb/v7e-m/fpv4-sp/hard\libc_nano.a(lib_a-utoa.o)
 .rodata.acos.str1.1
                0x000000000800acc9        0x5 c:/st/stm32cubeide_1.1.0/stm32cubeide/plugins/com.st.stm32cube.ide.mcu.externaltools.gnu-tools-for-stm32.7-2018-q2-update.win32_1.0.0.201904181610/tools/bin/../lib/gcc/arm-none-eabi/7.3.1/../../../../arm-none-eabi/lib/thumb/v7e-m/fpv4-sp/hard\libm.a(lib_a-w_acos.o)
                                          0x6 (size before relaxing)
 .rodata.asin.str1.1
                0x000000000800acce        0x5 c:/st/stm32cubeide_1.1.0/stm32cubeide/plugins/com.st.stm32cube.ide.mcu.externaltools.gnu-tools-for-stm32.7-2018-q2-update.win32_1.0.0.201904181610/tools/bin/../lib/gcc/arm-none-eabi/7.3.1/../../../../arm-none-eabi/lib/thumb/v7e-m/fpv4-sp/hard\libm.a(lib_a-w_asin.o)
                                          0x6 (size before relaxing)
 .rodata.sqrtf.str1.1
                0x000000000800acd3        0x6 c:/st/stm32cubeide_1.1.0/stm32cubeide/plugins/com.st.stm32cube.ide.mcu.externaltools.gnu-tools-for-stm32.7-2018-q2-update.win32_1.0.0.201904181610/tools/bin/../lib/gcc/arm-none-eabi/7.3.1/../../../../arm-none-eabi/lib/thumb/v7e-m/fpv4-sp/hard\libm.a(lib_a-wf_sqrt.o)
 *fill*         0x000000000800acd9        0x3 
 .rodata.npio2_hw
                0x000000000800acdc       0x80 c:/st/stm32cubeide_1.1.0/stm32cubeide/plugins/com.st.stm32cube.ide.mcu.externaltools.gnu-tools-for-stm32.7-2018-q2-update.win32_1.0.0.201904181610/tools/bin/../lib/gcc/arm-none-eabi/7.3.1/../../../../arm-none-eabi/lib/thumb/v7e-m/fpv4-sp/hard\libm.a(lib_a-e_rem_pio2.o)
 .rodata.two_over_pi
                0x000000000800ad5c      0x108 c:/st/stm32cubeide_1.1.0/stm32cubeide/plugins/com.st.stm32cube.ide.mcu.externaltools.gnu-tools-for-stm32.7-2018-q2-update.win32_1.0.0.201904181610/tools/bin/../lib/gcc/arm-none-eabi/7.3.1/../../../../arm-none-eabi/lib/thumb/v7e-m/fpv4-sp/hard\libm.a(lib_a-e_rem_pio2.o)
 *fill*         0x000000000800ae64        0x4 
 .rodata.PIo2   0x000000000800ae68       0x40 c:/st/stm32cubeide_1.1.0/stm32cubeide/plugins/com.st.stm32cube.ide.mcu.externaltools.gnu-tools-for-stm32.7-2018-q2-update.win32_1.0.0.201904181610/tools/bin/../lib/gcc/arm-none-eabi/7.3.1/../../../../arm-none-eabi/lib/thumb/v7e-m/fpv4-sp/hard\libm.a(lib_a-k_rem_pio2.o)
 .rodata.init_jk
                0x000000000800aea8       0x10 c:/st/stm32cubeide_1.1.0/stm32cubeide/plugins/com.st.stm32cube.ide.mcu.externaltools.gnu-tools-for-stm32.7-2018-q2-update.win32_1.0.0.201904181610/tools/bin/../lib/gcc/arm-none-eabi/7.3.1/../../../../arm-none-eabi/lib/thumb/v7e-m/fpv4-sp/hard\libm.a(lib_a-k_rem_pio2.o)
                0x000000000800aeb8                . = ALIGN (0x4)

.ARM.extab      0x000000000800aeb8        0x0
                0x000000000800aeb8                . = ALIGN (0x4)
 *(.ARM.extab* .gnu.linkonce.armextab.*)
                0x000000000800aeb8                . = ALIGN (0x4)

.ARM            0x000000000800aeb8        0x8
                0x000000000800aeb8                . = ALIGN (0x4)
                0x000000000800aeb8                __exidx_start = .
 *(.ARM.exidx*)
 .ARM.exidx     0x000000000800aeb8        0x8 c:/st/stm32cubeide_1.1.0/stm32cubeide/plugins/com.st.stm32cube.ide.mcu.externaltools.gnu-tools-for-stm32.7-2018-q2-update.win32_1.0.0.201904181610/tools/bin/../lib/gcc/arm-none-eabi/7.3.1/thumb/v7e-m/fpv4-sp/hard\libgcc.a(_udivmoddi4.o)
                0x000000000800aec0                __exidx_end = .
                0x000000000800aec0                . = ALIGN (0x4)

.rel.dyn        0x000000000800aec0        0x0
 .rel.iplt      0x000000000800aec0        0x0 c:/st/stm32cubeide_1.1.0/stm32cubeide/plugins/com.st.stm32cube.ide.mcu.externaltools.gnu-tools-for-stm32.7-2018-q2-update.win32_1.0.0.201904181610/tools/bin/../lib/gcc/arm-none-eabi/7.3.1/thumb/v7e-m/fpv4-sp/hard/crtbegin.o

.preinit_array  0x000000000800aec0        0x0
                0x000000000800aec0                . = ALIGN (0x4)
                0x000000000800aec0                PROVIDE (__preinit_array_start = .)
 *(.preinit_array*)
                0x000000000800aec0                PROVIDE (__preinit_array_end = .)
                0x000000000800aec0                . = ALIGN (0x4)

.init_array     0x000000000800aec0        0x4
                0x000000000800aec0                . = ALIGN (0x4)
                0x000000000800aec0                PROVIDE (__init_array_start = .)
 *(SORT_BY_NAME(.init_array.*))
 *(.init_array*)
 .init_array    0x000000000800aec0        0x4 c:/st/stm32cubeide_1.1.0/stm32cubeide/plugins/com.st.stm32cube.ide.mcu.externaltools.gnu-tools-for-stm32.7-2018-q2-update.win32_1.0.0.201904181610/tools/bin/../lib/gcc/arm-none-eabi/7.3.1/thumb/v7e-m/fpv4-sp/hard/crtbegin.o
                0x000000000800aec4                PROVIDE (__init_array_end = .)
                0x000000000800aec4                . = ALIGN (0x4)

.fini_array     0x000000000800aec4        0x4
                0x000000000800aec4                . = ALIGN (0x4)
                [!provide]                        PROVIDE (__fini_array_start = .)
 *(SORT_BY_NAME(.fini_array.*))
 *(.fini_array*)
 .fini_array    0x000000000800aec4        0x4 c:/st/stm32cubeide_1.1.0/stm32cubeide/plugins/com.st.stm32cube.ide.mcu.externaltools.gnu-tools-for-stm32.7-2018-q2-update.win32_1.0.0.201904181610/tools/bin/../lib/gcc/arm-none-eabi/7.3.1/thumb/v7e-m/fpv4-sp/hard/crtbegin.o
                [!provide]                        PROVIDE (__fini_array_end = .)
                0x000000000800aec8                . = ALIGN (0x4)
                0x000000000800aec8                _sidata = LOADADDR (.data)

.data           0x0000000020000000       0x7c load address 0x000000000800aec8
                0x0000000020000000                . = ALIGN (0x4)
                0x0000000020000000                _sdata = .
 *(.data)
 *(.data*)
 .data.uwTickPrio
                0x0000000020000000        0x4 Drivers/STM32F4xx_HAL_Driver/Src/stm32f4xx_hal.o
                0x0000000020000000                uwTickPrio
 .data.uwTickFreq
                0x0000000020000004        0x1 Drivers/STM32F4xx_HAL_Driver/Src/stm32f4xx_hal.o
                0x0000000020000004                uwTickFreq
 *fill*         0x0000000020000005        0x3 
 .data.beta     0x0000000020000008        0x4 Src/MadgwickAHRS.o
                0x0000000020000008                beta
 .data.acc_scale
                0x000000002000000c        0x2 Src/mpu.o
                0x000000002000000c                acc_scale
 .data.gyro_scale
                0x000000002000000e        0x2 Src/mpu.o
                0x000000002000000e                gyro_scale
 .data.SystemCoreClock
                0x0000000020000010        0x4 Src/system_stm32f4xx.o
                0x0000000020000010                SystemCoreClock
 .data._impure_ptr
                0x0000000020000014        0x4 c:/st/stm32cubeide_1.1.0/stm32cubeide/plugins/com.st.stm32cube.ide.mcu.externaltools.gnu-tools-for-stm32.7-2018-q2-update.win32_1.0.0.201904181610/tools/bin/../lib/gcc/arm-none-eabi/7.3.1/../../../../arm-none-eabi/lib/thumb/v7e-m/fpv4-sp/hard\libc_nano.a(lib_a-impure.o)
                0x0000000020000014                _impure_ptr
 .data.impure_data
                0x0000000020000018       0x60 c:/st/stm32cubeide_1.1.0/stm32cubeide/plugins/com.st.stm32cube.ide.mcu.externaltools.gnu-tools-for-stm32.7-2018-q2-update.win32_1.0.0.201904181610/tools/bin/../lib/gcc/arm-none-eabi/7.3.1/../../../../arm-none-eabi/lib/thumb/v7e-m/fpv4-sp/hard\libc_nano.a(lib_a-impure.o)
 .data.__fdlib_version
                0x0000000020000078        0x1 c:/st/stm32cubeide_1.1.0/stm32cubeide/plugins/com.st.stm32cube.ide.mcu.externaltools.gnu-tools-for-stm32.7-2018-q2-update.win32_1.0.0.201904181610/tools/bin/../lib/gcc/arm-none-eabi/7.3.1/../../../../arm-none-eabi/lib/thumb/v7e-m/fpv4-sp/hard\libm.a(lib_a-s_lib_ver.o)
                0x0000000020000078                __fdlib_version
                0x000000002000007c                . = ALIGN (0x4)
 *fill*         0x0000000020000079        0x3 
                0x000000002000007c                _edata = .

.igot.plt       0x000000002000007c        0x0 load address 0x000000000800af44
 .igot.plt      0x000000002000007c        0x0 c:/st/stm32cubeide_1.1.0/stm32cubeide/plugins/com.st.stm32cube.ide.mcu.externaltools.gnu-tools-for-stm32.7-2018-q2-update.win32_1.0.0.201904181610/tools/bin/../lib/gcc/arm-none-eabi/7.3.1/thumb/v7e-m/fpv4-sp/hard/crtbegin.o
                0x000000002000007c                . = ALIGN (0x4)

.bss            0x000000002000007c      0x6ec load address 0x000000000800af44
                0x000000002000007c                _sbss = .
                0x000000002000007c                __bss_start__ = _sbss
 *(.bss)
 .bss           0x000000002000007c       0x1c c:/st/stm32cubeide_1.1.0/stm32cubeide/plugins/com.st.stm32cube.ide.mcu.externaltools.gnu-tools-for-stm32.7-2018-q2-update.win32_1.0.0.201904181610/tools/bin/../lib/gcc/arm-none-eabi/7.3.1/thumb/v7e-m/fpv4-sp/hard/crtbegin.o
 *(.bss*)
 .bss.SLIP      0x0000000020000098       0x20 Src/SLIP.o
 .bss.HCI       0x00000000200000b8        0xc Src/WiMOD_HCI_Layer.o
 .bss.TxBuffer  0x00000000200000c4      0x266 Src/WiMOD_HCI_Layer.o
 *fill*         0x000000002000032a        0x2 
 .bss.i_pitch   0x000000002000032c        0x4 Src/control.o
                0x000000002000032c                i_pitch
 .bss.i_yaw     0x0000000020000330        0x4 Src/control.o
                0x0000000020000330                i_yaw
 .bss.d_pitch   0x0000000020000334        0x4 Src/control.o
                0x0000000020000334                d_pitch
 .bss.d_yaw     0x0000000020000338        0x4 Src/control.o
                0x0000000020000338                d_yaw
 .bss.looptime  0x000000002000033c        0x4 Src/control.o
                0x000000002000033c                looptime
 .bss.rot       0x0000000020000340        0xc Src/main.o
                0x0000000020000340                rot
 .bss.watch_check
                0x000000002000034c        0x1 Src/main.o
                0x000000002000034c                watch_check
 *(COMMON)
 *fill*         0x000000002000034d        0x3 
 COMMON         0x0000000020000350        0x4 Drivers/STM32F4xx_HAL_Driver/Src/stm32f4xx_hal.o
                0x0000000020000350                uwTick
 COMMON         0x0000000020000354       0x60 Src/MadgwickAHRS.o
                0x0000000020000354                q_ist
                0x0000000020000364                q_soll
                0x0000000020000374                servo
                0x0000000020000380                pid_r
                0x000000002000038c                pid_p
                0x0000000020000398                q_pos
                0x00000000200003a8                pid_y
 COMMON         0x00000000200003b4      0x3b4 Src/main.o
                0x00000000200003b4                huart3
                0x00000000200003f4                hdma_i2c1_tx
                0x0000000020000454                hi2c1
                0x00000000200004a8                htim10
                0x00000000200004e8                buff_acc
                0x00000000200004f0                gruff
                0x00000000200004fe                curr_servo
                0x0000000020000500                huart1
                0x0000000020000540                htim11
                0x0000000020000580                flag_mpu
                0x0000000020000584                hrtc
                0x00000000200005a4                gyro_offset
                0x00000000200005a8                hdma_i2c1_rx
                0x0000000020000608                buff_gyro
                0x0000000020000610                hspi1
                0x0000000020000668                huart2
                0x00000000200006a8                hdma_spi1_rx
                0x0000000020000708                hdma_spi1_tx
                0x0000000020000768                . = ALIGN (0x4)
                0x0000000020000768                _ebss = .
                0x0000000020000768                __bss_end__ = _ebss

._user_heap_stack
                0x0000000020000768      0x600 load address 0x000000000800af44
                0x0000000020000768                . = ALIGN (0x8)
                0x0000000020000768                PROVIDE (end = .)
                [!provide]                        PROVIDE (_end = .)
                0x0000000020000968                . = (. + _Min_Heap_Size)
 *fill*         0x0000000020000768      0x200 
                0x0000000020000d68                . = (. + _Min_Stack_Size)
 *fill*         0x0000000020000968      0x400 
                0x0000000020000d68                . = ALIGN (0x8)

/DISCARD/
 libc.a(*)
 libm.a(*)
 libgcc.a(*)

.ARM.attributes
                0x0000000000000000       0x30
 *(.ARM.attributes)
 .ARM.attributes
                0x0000000000000000       0x22 c:/st/stm32cubeide_1.1.0/stm32cubeide/plugins/com.st.stm32cube.ide.mcu.externaltools.gnu-tools-for-stm32.7-2018-q2-update.win32_1.0.0.201904181610/tools/bin/../lib/gcc/arm-none-eabi/7.3.1/thumb/v7e-m/fpv4-sp/hard/crti.o
 .ARM.attributes
                0x0000000000000022       0x34 c:/st/stm32cubeide_1.1.0/stm32cubeide/plugins/com.st.stm32cube.ide.mcu.externaltools.gnu-tools-for-stm32.7-2018-q2-update.win32_1.0.0.201904181610/tools/bin/../lib/gcc/arm-none-eabi/7.3.1/thumb/v7e-m/fpv4-sp/hard/crtbegin.o
 .ARM.attributes
                0x0000000000000056       0x39 Drivers/STM32F4xx_HAL_Driver/Src/stm32f4xx_hal.o
 .ARM.attributes
                0x000000000000008f       0x39 Drivers/STM32F4xx_HAL_Driver/Src/stm32f4xx_hal_cortex.o
 .ARM.attributes
                0x00000000000000c8       0x39 Drivers/STM32F4xx_HAL_Driver/Src/stm32f4xx_hal_dma.o
 .ARM.attributes
                0x0000000000000101       0x39 Drivers/STM32F4xx_HAL_Driver/Src/stm32f4xx_hal_gpio.o
 .ARM.attributes
                0x000000000000013a       0x39 Drivers/STM32F4xx_HAL_Driver/Src/stm32f4xx_hal_i2c.o
 .ARM.attributes
                0x0000000000000173       0x39 Drivers/STM32F4xx_HAL_Driver/Src/stm32f4xx_hal_rcc.o
 .ARM.attributes
                0x00000000000001ac       0x39 Drivers/STM32F4xx_HAL_Driver/Src/stm32f4xx_hal_rcc_ex.o
 .ARM.attributes
                0x00000000000001e5       0x39 Drivers/STM32F4xx_HAL_Driver/Src/stm32f4xx_hal_rtc.o
 .ARM.attributes
                0x000000000000021e       0x39 Drivers/STM32F4xx_HAL_Driver/Src/stm32f4xx_hal_spi.o
 .ARM.attributes
                0x0000000000000257       0x39 Drivers/STM32F4xx_HAL_Driver/Src/stm32f4xx_hal_tim.o
 .ARM.attributes
                0x0000000000000290       0x39 Drivers/STM32F4xx_HAL_Driver/Src/stm32f4xx_hal_tim_ex.o
 .ARM.attributes
                0x00000000000002c9       0x39 Drivers/STM32F4xx_HAL_Driver/Src/stm32f4xx_hal_uart.o
 .ARM.attributes
                0x0000000000000302       0x39 Src/CRC16.o
 .ARM.attributes
                0x000000000000033b       0x39 Src/MadgwickAHRS.o
 .ARM.attributes
                0x0000000000000374       0x39 Src/SLIP.o
 .ARM.attributes
                0x00000000000003ad       0x39 Src/WiMOD_HCI_Layer.o
 .ARM.attributes
                0x00000000000003e6       0x39 Src/confic.o
 .ARM.attributes
                0x000000000000041f       0x39 Src/control.o
 .ARM.attributes
                0x0000000000000458       0x39 Src/main.o
 .ARM.attributes
                0x0000000000000491       0x39 Src/mpu.o
 .ARM.attributes
                0x00000000000004ca       0x39 Src/quaternion.o
 .ARM.attributes
                0x0000000000000503       0x39 Src/stm32f4xx_hal_msp.o
 .ARM.attributes
                0x000000000000053c       0x39 Src/stm32f4xx_it.o
 .ARM.attributes
                0x0000000000000575       0x39 Src/system_stm32f4xx.o
 .ARM.attributes
                0x00000000000005ae       0x21 Startup/startup_stm32f407vetx.o
 .ARM.attributes
                0x00000000000005cf       0x34 c:/st/stm32cubeide_1.1.0/stm32cubeide/plugins/com.st.stm32cube.ide.mcu.externaltools.gnu-tools-for-stm32.7-2018-q2-update.win32_1.0.0.201904181610/tools/bin/../lib/gcc/arm-none-eabi/7.3.1/../../../../arm-none-eabi/lib/thumb/v7e-m/fpv4-sp/hard\libc_nano.a(lib_a-errno.o)
 .ARM.attributes
                0x0000000000000603       0x34 c:/st/stm32cubeide_1.1.0/stm32cubeide/plugins/com.st.stm32cube.ide.mcu.externaltools.gnu-tools-for-stm32.7-2018-q2-update.win32_1.0.0.201904181610/tools/bin/../lib/gcc/arm-none-eabi/7.3.1/../../../../arm-none-eabi/lib/thumb/v7e-m/fpv4-sp/hard\libc_nano.a(lib_a-impure.o)
 .ARM.attributes
                0x0000000000000637       0x34 c:/st/stm32cubeide_1.1.0/stm32cubeide/plugins/com.st.stm32cube.ide.mcu.externaltools.gnu-tools-for-stm32.7-2018-q2-update.win32_1.0.0.201904181610/tools/bin/../lib/gcc/arm-none-eabi/7.3.1/../../../../arm-none-eabi/lib/thumb/v7e-m/fpv4-sp/hard\libc_nano.a(lib_a-init.o)
 .ARM.attributes
                0x000000000000066b       0x34 c:/st/stm32cubeide_1.1.0/stm32cubeide/plugins/com.st.stm32cube.ide.mcu.externaltools.gnu-tools-for-stm32.7-2018-q2-update.win32_1.0.0.201904181610/tools/bin/../lib/gcc/arm-none-eabi/7.3.1/../../../../arm-none-eabi/lib/thumb/v7e-m/fpv4-sp/hard\libc_nano.a(lib_a-itoa.o)
 .ARM.attributes
                0x000000000000069f       0x34 c:/st/stm32cubeide_1.1.0/stm32cubeide/plugins/com.st.stm32cube.ide.mcu.externaltools.gnu-tools-for-stm32.7-2018-q2-update.win32_1.0.0.201904181610/tools/bin/../lib/gcc/arm-none-eabi/7.3.1/../../../../arm-none-eabi/lib/thumb/v7e-m/fpv4-sp/hard\libc_nano.a(lib_a-memcpy-stub.o)
 .ARM.attributes
                0x00000000000006d3       0x34 c:/st/stm32cubeide_1.1.0/stm32cubeide/plugins/com.st.stm32cube.ide.mcu.externaltools.gnu-tools-for-stm32.7-2018-q2-update.win32_1.0.0.201904181610/tools/bin/../lib/gcc/arm-none-eabi/7.3.1/../../../../arm-none-eabi/lib/thumb/v7e-m/fpv4-sp/hard\libc_nano.a(lib_a-memset.o)
 .ARM.attributes
                0x0000000000000707       0x34 c:/st/stm32cubeide_1.1.0/stm32cubeide/plugins/com.st.stm32cube.ide.mcu.externaltools.gnu-tools-for-stm32.7-2018-q2-update.win32_1.0.0.201904181610/tools/bin/../lib/gcc/arm-none-eabi/7.3.1/../../../../arm-none-eabi/lib/thumb/v7e-m/fpv4-sp/hard\libc_nano.a(lib_a-utoa.o)
 .ARM.attributes
                0x000000000000073b       0x34 c:/st/stm32cubeide_1.1.0/stm32cubeide/plugins/com.st.stm32cube.ide.mcu.externaltools.gnu-tools-for-stm32.7-2018-q2-update.win32_1.0.0.201904181610/tools/bin/../lib/gcc/arm-none-eabi/7.3.1/../../../../arm-none-eabi/lib/thumb/v7e-m/fpv4-sp/hard\libm.a(lib_a-s_cos.o)
 .ARM.attributes
                0x000000000000076f       0x34 c:/st/stm32cubeide_1.1.0/stm32cubeide/plugins/com.st.stm32cube.ide.mcu.externaltools.gnu-tools-for-stm32.7-2018-q2-update.win32_1.0.0.201904181610/tools/bin/../lib/gcc/arm-none-eabi/7.3.1/../../../../arm-none-eabi/lib/thumb/v7e-m/fpv4-sp/hard\libm.a(lib_a-s_sin.o)
 .ARM.attributes
                0x00000000000007a3       0x34 c:/st/stm32cubeide_1.1.0/stm32cubeide/plugins/com.st.stm32cube.ide.mcu.externaltools.gnu-tools-for-stm32.7-2018-q2-update.win32_1.0.0.201904181610/tools/bin/../lib/gcc/arm-none-eabi/7.3.1/../../../../arm-none-eabi/lib/thumb/v7e-m/fpv4-sp/hard\libm.a(lib_a-w_acos.o)
 .ARM.attributes
                0x00000000000007d7       0x34 c:/st/stm32cubeide_1.1.0/stm32cubeide/plugins/com.st.stm32cube.ide.mcu.externaltools.gnu-tools-for-stm32.7-2018-q2-update.win32_1.0.0.201904181610/tools/bin/../lib/gcc/arm-none-eabi/7.3.1/../../../../arm-none-eabi/lib/thumb/v7e-m/fpv4-sp/hard\libm.a(lib_a-w_asin.o)
 .ARM.attributes
                0x000000000000080b       0x34 c:/st/stm32cubeide_1.1.0/stm32cubeide/plugins/com.st.stm32cube.ide.mcu.externaltools.gnu-tools-for-stm32.7-2018-q2-update.win32_1.0.0.201904181610/tools/bin/../lib/gcc/arm-none-eabi/7.3.1/../../../../arm-none-eabi/lib/thumb/v7e-m/fpv4-sp/hard\libm.a(lib_a-wf_sqrt.o)
 .ARM.attributes
                0x000000000000083f       0x34 c:/st/stm32cubeide_1.1.0/stm32cubeide/plugins/com.st.stm32cube.ide.mcu.externaltools.gnu-tools-for-stm32.7-2018-q2-update.win32_1.0.0.201904181610/tools/bin/../lib/gcc/arm-none-eabi/7.3.1/../../../../arm-none-eabi/lib/thumb/v7e-m/fpv4-sp/hard\libm.a(lib_a-e_acos.o)
 .ARM.attributes
                0x0000000000000873       0x34 c:/st/stm32cubeide_1.1.0/stm32cubeide/plugins/com.st.stm32cube.ide.mcu.externaltools.gnu-tools-for-stm32.7-2018-q2-update.win32_1.0.0.201904181610/tools/bin/../lib/gcc/arm-none-eabi/7.3.1/../../../../arm-none-eabi/lib/thumb/v7e-m/fpv4-sp/hard\libm.a(lib_a-e_asin.o)
 .ARM.attributes
                0x00000000000008a7       0x34 c:/st/stm32cubeide_1.1.0/stm32cubeide/plugins/com.st.stm32cube.ide.mcu.externaltools.gnu-tools-for-stm32.7-2018-q2-update.win32_1.0.0.201904181610/tools/bin/../lib/gcc/arm-none-eabi/7.3.1/../../../../arm-none-eabi/lib/thumb/v7e-m/fpv4-sp/hard\libm.a(lib_a-e_rem_pio2.o)
 .ARM.attributes
                0x00000000000008db       0x34 c:/st/stm32cubeide_1.1.0/stm32cubeide/plugins/com.st.stm32cube.ide.mcu.externaltools.gnu-tools-for-stm32.7-2018-q2-update.win32_1.0.0.201904181610/tools/bin/../lib/gcc/arm-none-eabi/7.3.1/../../../../arm-none-eabi/lib/thumb/v7e-m/fpv4-sp/hard\libm.a(lib_a-e_sqrt.o)
 .ARM.attributes
                0x000000000000090f       0x34 c:/st/stm32cubeide_1.1.0/stm32cubeide/plugins/com.st.stm32cube.ide.mcu.externaltools.gnu-tools-for-stm32.7-2018-q2-update.win32_1.0.0.201904181610/tools/bin/../lib/gcc/arm-none-eabi/7.3.1/../../../../arm-none-eabi/lib/thumb/v7e-m/fpv4-sp/hard\libm.a(lib_a-ef_sqrt.o)
 .ARM.attributes
                0x0000000000000943       0x34 c:/st/stm32cubeide_1.1.0/stm32cubeide/plugins/com.st.stm32cube.ide.mcu.externaltools.gnu-tools-for-stm32.7-2018-q2-update.win32_1.0.0.201904181610/tools/bin/../lib/gcc/arm-none-eabi/7.3.1/../../../../arm-none-eabi/lib/thumb/v7e-m/fpv4-sp/hard\libm.a(lib_a-k_cos.o)
 .ARM.attributes
                0x0000000000000977       0x34 c:/st/stm32cubeide_1.1.0/stm32cubeide/plugins/com.st.stm32cube.ide.mcu.externaltools.gnu-tools-for-stm32.7-2018-q2-update.win32_1.0.0.201904181610/tools/bin/../lib/gcc/arm-none-eabi/7.3.1/../../../../arm-none-eabi/lib/thumb/v7e-m/fpv4-sp/hard\libm.a(lib_a-k_rem_pio2.o)
 .ARM.attributes
                0x00000000000009ab       0x34 c:/st/stm32cubeide_1.1.0/stm32cubeide/plugins/com.st.stm32cube.ide.mcu.externaltools.gnu-tools-for-stm32.7-2018-q2-update.win32_1.0.0.201904181610/tools/bin/../lib/gcc/arm-none-eabi/7.3.1/../../../../arm-none-eabi/lib/thumb/v7e-m/fpv4-sp/hard\libm.a(lib_a-k_sin.o)
 .ARM.attributes
                0x00000000000009df       0x34 c:/st/stm32cubeide_1.1.0/stm32cubeide/plugins/com.st.stm32cube.ide.mcu.externaltools.gnu-tools-for-stm32.7-2018-q2-update.win32_1.0.0.201904181610/tools/bin/../lib/gcc/arm-none-eabi/7.3.1/../../../../arm-none-eabi/lib/thumb/v7e-m/fpv4-sp/hard\libm.a(lib_a-s_fabs.o)
 .ARM.attributes
                0x0000000000000a13       0x34 c:/st/stm32cubeide_1.1.0/stm32cubeide/plugins/com.st.stm32cube.ide.mcu.externaltools.gnu-tools-for-stm32.7-2018-q2-update.win32_1.0.0.201904181610/tools/bin/../lib/gcc/arm-none-eabi/7.3.1/../../../../arm-none-eabi/lib/thumb/v7e-m/fpv4-sp/hard\libm.a(lib_a-s_floor.o)
 .ARM.attributes
                0x0000000000000a47       0x34 c:/st/stm32cubeide_1.1.0/stm32cubeide/plugins/com.st.stm32cube.ide.mcu.externaltools.gnu-tools-for-stm32.7-2018-q2-update.win32_1.0.0.201904181610/tools/bin/../lib/gcc/arm-none-eabi/7.3.1/../../../../arm-none-eabi/lib/thumb/v7e-m/fpv4-sp/hard\libm.a(lib_a-s_lib_ver.o)
 .ARM.attributes
                0x0000000000000a7b       0x34 c:/st/stm32cubeide_1.1.0/stm32cubeide/plugins/com.st.stm32cube.ide.mcu.externaltools.gnu-tools-for-stm32.7-2018-q2-update.win32_1.0.0.201904181610/tools/bin/../lib/gcc/arm-none-eabi/7.3.1/../../../../arm-none-eabi/lib/thumb/v7e-m/fpv4-sp/hard\libm.a(lib_a-s_matherr.o)
 .ARM.attributes
                0x0000000000000aaf       0x34 c:/st/stm32cubeide_1.1.0/stm32cubeide/plugins/com.st.stm32cube.ide.mcu.externaltools.gnu-tools-for-stm32.7-2018-q2-update.win32_1.0.0.201904181610/tools/bin/../lib/gcc/arm-none-eabi/7.3.1/../../../../arm-none-eabi/lib/thumb/v7e-m/fpv4-sp/hard\libm.a(lib_a-s_nan.o)
 .ARM.attributes
                0x0000000000000ae3       0x34 c:/st/stm32cubeide_1.1.0/stm32cubeide/plugins/com.st.stm32cube.ide.mcu.externaltools.gnu-tools-for-stm32.7-2018-q2-update.win32_1.0.0.201904181610/tools/bin/../lib/gcc/arm-none-eabi/7.3.1/../../../../arm-none-eabi/lib/thumb/v7e-m/fpv4-sp/hard\libm.a(lib_a-s_scalbn.o)
 .ARM.attributes
                0x0000000000000b17       0x34 c:/st/stm32cubeide_1.1.0/stm32cubeide/plugins/com.st.stm32cube.ide.mcu.externaltools.gnu-tools-for-stm32.7-2018-q2-update.win32_1.0.0.201904181610/tools/bin/../lib/gcc/arm-none-eabi/7.3.1/../../../../arm-none-eabi/lib/thumb/v7e-m/fpv4-sp/hard\libm.a(lib_a-s_copysign.o)
 .ARM.attributes
                0x0000000000000b4b       0x22 c:/st/stm32cubeide_1.1.0/stm32cubeide/plugins/com.st.stm32cube.ide.mcu.externaltools.gnu-tools-for-stm32.7-2018-q2-update.win32_1.0.0.201904181610/tools/bin/../lib/gcc/arm-none-eabi/7.3.1/thumb/v7e-m/fpv4-sp/hard\libgcc.a(_arm_addsubdf3.o)
 .ARM.attributes
                0x0000000000000b6d       0x22 c:/st/stm32cubeide_1.1.0/stm32cubeide/plugins/com.st.stm32cube.ide.mcu.externaltools.gnu-tools-for-stm32.7-2018-q2-update.win32_1.0.0.201904181610/tools/bin/../lib/gcc/arm-none-eabi/7.3.1/thumb/v7e-m/fpv4-sp/hard\libgcc.a(_arm_muldivdf3.o)
 .ARM.attributes
                0x0000000000000b8f       0x22 c:/st/stm32cubeide_1.1.0/stm32cubeide/plugins/com.st.stm32cube.ide.mcu.externaltools.gnu-tools-for-stm32.7-2018-q2-update.win32_1.0.0.201904181610/tools/bin/../lib/gcc/arm-none-eabi/7.3.1/thumb/v7e-m/fpv4-sp/hard\libgcc.a(_arm_cmpdf2.o)
 .ARM.attributes
                0x0000000000000bb1       0x22 c:/st/stm32cubeide_1.1.0/stm32cubeide/plugins/com.st.stm32cube.ide.mcu.externaltools.gnu-tools-for-stm32.7-2018-q2-update.win32_1.0.0.201904181610/tools/bin/../lib/gcc/arm-none-eabi/7.3.1/thumb/v7e-m/fpv4-sp/hard\libgcc.a(_arm_unorddf2.o)
 .ARM.attributes
                0x0000000000000bd3       0x22 c:/st/stm32cubeide_1.1.0/stm32cubeide/plugins/com.st.stm32cube.ide.mcu.externaltools.gnu-tools-for-stm32.7-2018-q2-update.win32_1.0.0.201904181610/tools/bin/../lib/gcc/arm-none-eabi/7.3.1/thumb/v7e-m/fpv4-sp/hard\libgcc.a(_arm_fixdfsi.o)
 .ARM.attributes
                0x0000000000000bf5       0x22 c:/st/stm32cubeide_1.1.0/stm32cubeide/plugins/com.st.stm32cube.ide.mcu.externaltools.gnu-tools-for-stm32.7-2018-q2-update.win32_1.0.0.201904181610/tools/bin/../lib/gcc/arm-none-eabi/7.3.1/thumb/v7e-m/fpv4-sp/hard\libgcc.a(_arm_fixunsdfsi.o)
 .ARM.attributes
                0x0000000000000c17       0x22 c:/st/stm32cubeide_1.1.0/stm32cubeide/plugins/com.st.stm32cube.ide.mcu.externaltools.gnu-tools-for-stm32.7-2018-q2-update.win32_1.0.0.201904181610/tools/bin/../lib/gcc/arm-none-eabi/7.3.1/thumb/v7e-m/fpv4-sp/hard\libgcc.a(_arm_truncdfsf2.o)
 .ARM.attributes
                0x0000000000000c39       0x22 c:/st/stm32cubeide_1.1.0/stm32cubeide/plugins/com.st.stm32cube.ide.mcu.externaltools.gnu-tools-for-stm32.7-2018-q2-update.win32_1.0.0.201904181610/tools/bin/../lib/gcc/arm-none-eabi/7.3.1/thumb/v7e-m/fpv4-sp/hard\libgcc.a(_aeabi_uldivmod.o)
 .ARM.attributes
                0x0000000000000c5b       0x34 c:/st/stm32cubeide_1.1.0/stm32cubeide/plugins/com.st.stm32cube.ide.mcu.externaltools.gnu-tools-for-stm32.7-2018-q2-update.win32_1.0.0.201904181610/tools/bin/../lib/gcc/arm-none-eabi/7.3.1/thumb/v7e-m/fpv4-sp/hard\libgcc.a(_udivmoddi4.o)
 .ARM.attributes
                0x0000000000000c8f       0x22 c:/st/stm32cubeide_1.1.0/stm32cubeide/plugins/com.st.stm32cube.ide.mcu.externaltools.gnu-tools-for-stm32.7-2018-q2-update.win32_1.0.0.201904181610/tools/bin/../lib/gcc/arm-none-eabi/7.3.1/thumb/v7e-m/fpv4-sp/hard\libgcc.a(_dvmd_tls.o)
 .ARM.attributes
                0x0000000000000cb1       0x22 c:/st/stm32cubeide_1.1.0/stm32cubeide/plugins/com.st.stm32cube.ide.mcu.externaltools.gnu-tools-for-stm32.7-2018-q2-update.win32_1.0.0.201904181610/tools/bin/../lib/gcc/arm-none-eabi/7.3.1/thumb/v7e-m/fpv4-sp/hard/crtn.o
OUTPUT(FlightController.elf elf32-littlearm)

.debug_info     0x0000000000000000    0x17503
 .debug_info    0x0000000000000000      0x921 Drivers/STM32F4xx_HAL_Driver/Src/stm32f4xx_hal.o
 .debug_info    0x0000000000000921      0xdd6 Drivers/STM32F4xx_HAL_Driver/Src/stm32f4xx_hal_cortex.o
 .debug_info    0x00000000000016f7      0x916 Drivers/STM32F4xx_HAL_Driver/Src/stm32f4xx_hal_dma.o
 .debug_info    0x000000000000200d      0x763 Drivers/STM32F4xx_HAL_Driver/Src/stm32f4xx_hal_gpio.o
 .debug_info    0x0000000000002770     0x231f Drivers/STM32F4xx_HAL_Driver/Src/stm32f4xx_hal_i2c.o
 .debug_info    0x0000000000004a8f      0x8a4 Drivers/STM32F4xx_HAL_Driver/Src/stm32f4xx_hal_rcc.o
 .debug_info    0x0000000000005333      0x55c Drivers/STM32F4xx_HAL_Driver/Src/stm32f4xx_hal_rcc_ex.o
 .debug_info    0x000000000000588f      0xb69 Drivers/STM32F4xx_HAL_Driver/Src/stm32f4xx_hal_rtc.o
 .debug_info    0x00000000000063f8     0x15e8 Drivers/STM32F4xx_HAL_Driver/Src/stm32f4xx_hal_spi.o
 .debug_info    0x00000000000079e0     0x2456 Drivers/STM32F4xx_HAL_Driver/Src/stm32f4xx_hal_tim.o
 .debug_info    0x0000000000009e36     0x1105 Drivers/STM32F4xx_HAL_Driver/Src/stm32f4xx_hal_tim_ex.o
 .debug_info    0x000000000000af3b     0x11d5 Drivers/STM32F4xx_HAL_Driver/Src/stm32f4xx_hal_uart.o
 .debug_info    0x000000000000c110      0x18e Src/CRC16.o
 .debug_info    0x000000000000c29e     0x1385 Src/MadgwickAHRS.o
 .debug_info    0x000000000000d623      0x2a2 Src/SLIP.o
 .debug_info    0x000000000000d8c5     0x1076 Src/WiMOD_HCI_Layer.o
 .debug_info    0x000000000000e93b      0x6d7 Src/confic.o
 .debug_info    0x000000000000f012     0x112c Src/control.o
 .debug_info    0x000000000001013e     0x2704 Src/main.o
 .debug_info    0x0000000000012842     0x1872 Src/mpu.o
 .debug_info    0x00000000000140b4      0xd10 Src/quaternion.o
 .debug_info    0x0000000000014dc4     0x1838 Src/stm32f4xx_hal_msp.o
 .debug_info    0x00000000000165fc      0x9e3 Src/stm32f4xx_it.o
 .debug_info    0x0000000000016fdf      0x502 Src/system_stm32f4xx.o
 .debug_info    0x00000000000174e1       0x22 Startup/startup_stm32f407vetx.o

.debug_abbrev   0x0000000000000000     0x3037
 .debug_abbrev  0x0000000000000000      0x1cb Drivers/STM32F4xx_HAL_Driver/Src/stm32f4xx_hal.o
 .debug_abbrev  0x00000000000001cb      0x2fa Drivers/STM32F4xx_HAL_Driver/Src/stm32f4xx_hal_cortex.o
 .debug_abbrev  0x00000000000004c5      0x229 Drivers/STM32F4xx_HAL_Driver/Src/stm32f4xx_hal_dma.o
 .debug_abbrev  0x00000000000006ee      0x1c9 Drivers/STM32F4xx_HAL_Driver/Src/stm32f4xx_hal_gpio.o
 .debug_abbrev  0x00000000000008b7      0x254 Drivers/STM32F4xx_HAL_Driver/Src/stm32f4xx_hal_i2c.o
 .debug_abbrev  0x0000000000000b0b      0x245 Drivers/STM32F4xx_HAL_Driver/Src/stm32f4xx_hal_rcc.o
 .debug_abbrev  0x0000000000000d50      0x173 Drivers/STM32F4xx_HAL_Driver/Src/stm32f4xx_hal_rcc_ex.o
 .debug_abbrev  0x0000000000000ec3      0x1be Drivers/STM32F4xx_HAL_Driver/Src/stm32f4xx_hal_rtc.o
 .debug_abbrev  0x0000000000001081      0x240 Drivers/STM32F4xx_HAL_Driver/Src/stm32f4xx_hal_spi.o
 .debug_abbrev  0x00000000000012c1      0x230 Drivers/STM32F4xx_HAL_Driver/Src/stm32f4xx_hal_tim.o
 .debug_abbrev  0x00000000000014f1      0x21e Drivers/STM32F4xx_HAL_Driver/Src/stm32f4xx_hal_tim_ex.o
 .debug_abbrev  0x000000000000170f      0x242 Drivers/STM32F4xx_HAL_Driver/Src/stm32f4xx_hal_uart.o
 .debug_abbrev  0x0000000000001951       0xc1 Src/CRC16.o
 .debug_abbrev  0x0000000000001a12      0x26c Src/MadgwickAHRS.o
 .debug_abbrev  0x0000000000001c7e      0x11a Src/SLIP.o
 .debug_abbrev  0x0000000000001d98      0x235 Src/WiMOD_HCI_Layer.o
 .debug_abbrev  0x0000000000001fcd      0x170 Src/confic.o
 .debug_abbrev  0x000000000000213d      0x271 Src/control.o
 .debug_abbrev  0x00000000000023ae      0x33b Src/main.o
 .debug_abbrev  0x00000000000026e9      0x24c Src/mpu.o
 .debug_abbrev  0x0000000000002935      0x25b Src/quaternion.o
 .debug_abbrev  0x0000000000002b90      0x212 Src/stm32f4xx_hal_msp.o
 .debug_abbrev  0x0000000000002da2      0x172 Src/stm32f4xx_it.o
 .debug_abbrev  0x0000000000002f14      0x111 Src/system_stm32f4xx.o
 .debug_abbrev  0x0000000000003025       0x12 Startup/startup_stm32f407vetx.o

.debug_aranges  0x0000000000000000     0x1428
 .debug_aranges
                0x0000000000000000       0xf0 Drivers/STM32F4xx_HAL_Driver/Src/stm32f4xx_hal.o
 .debug_aranges
                0x00000000000000f0      0x118 Drivers/STM32F4xx_HAL_Driver/Src/stm32f4xx_hal_cortex.o
 .debug_aranges
                0x0000000000000208       0x90 Drivers/STM32F4xx_HAL_Driver/Src/stm32f4xx_hal_dma.o
 .debug_aranges
                0x0000000000000298       0x58 Drivers/STM32F4xx_HAL_Driver/Src/stm32f4xx_hal_gpio.o
 .debug_aranges
                0x00000000000002f0      0x290 Drivers/STM32F4xx_HAL_Driver/Src/stm32f4xx_hal_i2c.o
 .debug_aranges
                0x0000000000000580       0x88 Drivers/STM32F4xx_HAL_Driver/Src/stm32f4xx_hal_rcc.o
 .debug_aranges
                0x0000000000000608       0x48 Drivers/STM32F4xx_HAL_Driver/Src/stm32f4xx_hal_rcc_ex.o
 .debug_aranges
                0x0000000000000650       0xb8 Drivers/STM32F4xx_HAL_Driver/Src/stm32f4xx_hal_rtc.o
 .debug_aranges
                0x0000000000000708      0x1d0 Drivers/STM32F4xx_HAL_Driver/Src/stm32f4xx_hal_spi.o
 .debug_aranges
                0x00000000000008d8      0x3a8 Drivers/STM32F4xx_HAL_Driver/Src/stm32f4xx_hal_tim.o
 .debug_aranges
                0x0000000000000c80      0x150 Drivers/STM32F4xx_HAL_Driver/Src/stm32f4xx_hal_tim_ex.o
 .debug_aranges
                0x0000000000000dd0      0x1d0 Drivers/STM32F4xx_HAL_Driver/Src/stm32f4xx_hal_uart.o
 .debug_aranges
                0x0000000000000fa0       0x28 Src/CRC16.o
 .debug_aranges
                0x0000000000000fc8       0x30 Src/MadgwickAHRS.o
 .debug_aranges
                0x0000000000000ff8       0x48 Src/SLIP.o
 .debug_aranges
                0x0000000000001040       0x48 Src/WiMOD_HCI_Layer.o
 .debug_aranges
                0x0000000000001088       0x48 Src/confic.o
 .debug_aranges
                0x00000000000010d0       0x60 Src/control.o
 .debug_aranges
                0x0000000000001130       0xa8 Src/main.o
 .debug_aranges
                0x00000000000011d8       0x78 Src/mpu.o
 .debug_aranges
                0x0000000000001250       0x80 Src/quaternion.o
 .debug_aranges
                0x00000000000012d0       0x70 Src/stm32f4xx_hal_msp.o
 .debug_aranges
                0x0000000000001340       0x98 Src/stm32f4xx_it.o
 .debug_aranges
                0x00000000000013d8       0x28 Src/system_stm32f4xx.o
 .debug_aranges
                0x0000000000001400       0x28 Startup/startup_stm32f407vetx.o

.debug_ranges   0x0000000000000000     0x12c0
 .debug_ranges  0x0000000000000000       0xe0 Drivers/STM32F4xx_HAL_Driver/Src/stm32f4xx_hal.o
 .debug_ranges  0x00000000000000e0      0x108 Drivers/STM32F4xx_HAL_Driver/Src/stm32f4xx_hal_cortex.o
 .debug_ranges  0x00000000000001e8       0x80 Drivers/STM32F4xx_HAL_Driver/Src/stm32f4xx_hal_dma.o
 .debug_ranges  0x0000000000000268       0x48 Drivers/STM32F4xx_HAL_Driver/Src/stm32f4xx_hal_gpio.o