stm32f4xx_hal_msp.c:71:6:HAL_MspInit	8	static
stm32f4xx_hal_msp.c:93:6:HAL_I2C_MspInit	56	static
stm32f4xx_hal_msp.c:167:6:HAL_I2C_MspDeInit	8	static
stm32f4xx_hal_msp.c:202:6:HAL_RTC_MspInit	0	static
stm32f4xx_hal_msp.c:224:6:HAL_RTC_MspDeInit	0	static
stm32f4xx_hal_msp.c:246:6:HAL_SPI_MspInit	48	static
stm32f4xx_hal_msp.c:320:6:HAL_SPI_MspDeInit	8	static
stm32f4xx_hal_msp.c:353:6:HAL_TIM_Base_MspInit	24	static
stm32f4xx_hal_msp.c:400:6:HAL_TIM_Base_MspDeInit	0	static
stm32f4xx_hal_msp.c:453:6:HAL_UART_MspInit	64	static
stm32f4xx_hal_msp.c:537:6:HAL_UART_MspDeInit	0	static
