inv_mpu_dmp_motion_driver.c:501:5:dmp_load_motion_driver_firmware	8	static
inv_mpu_dmp_motion_driver.c:514:5:dmp_set_orientation	40	static
inv_mpu_dmp_motion_driver.c:569:5:dmp_set_gyro_bias	40	static
inv_mpu_dmp_motion_driver.c:621:5:dmp_set_accel_bias	64	static
inv_mpu_dmp_motion_driver.c:673:5:dmp_set_fifo_rate	40	static
inv_mpu_dmp_motion_driver.c:699:5:dmp_get_fifo_rate	16	static
inv_mpu_dmp_motion_driver.c:711:5:dmp_set_tap_thresh	32	static
inv_mpu_dmp_motion_driver.c:777:5:dmp_set_tap_axes	24	static
inv_mpu_dmp_motion_driver.c:795:5:dmp_set_tap_count	24	static
inv_mpu_dmp_motion_driver.c:813:5:dmp_set_tap_time	24	static
inv_mpu_dmp_motion_driver.c:829:5:dmp_set_tap_time_multi	24	static
inv_mpu_dmp_motion_driver.c:847:5:dmp_set_shake_reject_thresh	24	static
inv_mpu_dmp_motion_driver.c:866:5:dmp_set_shake_reject_time	24	static
inv_mpu_dmp_motion_driver.c:884:5:dmp_set_shake_reject_timeout	24	static
inv_mpu_dmp_motion_driver.c:899:5:dmp_get_pedometer_step_count	24	static
inv_mpu_dmp_motion_driver.c:920:5:dmp_set_pedometer_step_count	24	static
inv_mpu_dmp_motion_driver.c:936:5:dmp_get_pedometer_walk_time	24	static
inv_mpu_dmp_motion_driver.c:956:5:dmp_set_pedometer_walk_time	24	static
inv_mpu_dmp_motion_driver.c:986:5:dmp_enable_feature	32	static
inv_mpu_dmp_motion_driver.c:1108:5:dmp_get_enabled_features	16	static
inv_mpu_dmp_motion_driver.c:1123:5:dmp_enable_gyro_cal	40	static
inv_mpu_dmp_motion_driver.c:1141:5:dmp_enable_lp_quat	24	static
inv_mpu_dmp_motion_driver.c:1165:5:dmp_enable_6x_lp_quat	24	static
inv_mpu_dmp_motion_driver.c:1186:12:decode_gesture	24	static
inv_mpu_dmp_motion_driver.c:1218:5:dmp_set_interrupt_mode	40	static
inv_mpu_dmp_motion_driver.c:1257:5:dmp_read_fifo	80	static
inv_mpu_dmp_motion_driver.c:1350:5:dmp_register_tap_cb	16	static
inv_mpu_dmp_motion_driver.c:1361:5:dmp_register_android_orient_cb	16	static
