inv_mpu.c:107:6:reg_int_cb	16	static
inv_mpu.c:111:9:i2c_write	32	static
inv_mpu.c:120:9:i2c_read	32	static
inv_mpu.c:129:6:delay_ms	16	static
inv_mpu.c:133:10:get_ms	16	static
inv_mpu.c:138:5:min	16	static
inv_mpu.c:142:6:log_e	16	static
inv_mpu.c:666:12:set_int_enable	24	static
inv_mpu.c:698:5:mpu_reg_dump	16	static
inv_mpu.c:720:5:mpu_read_reg	16	static
inv_mpu.c:742:5:mpu_init	24	static
inv_mpu.c:834:5:mpu_lp_accel_mode	24	static
inv_mpu.c:928:5:mpu_get_gyro_reg	24	static
inv_mpu.c:951:5:mpu_get_accel_reg	24	static
inv_mpu.c:974:5:mpu_get_temperature	24	static
inv_mpu.c:1000:5:mpu_read_6500_accel_bias	24	static
inv_mpu.c:1022:5:mpu_read_6050_accel_bias	24	static
inv_mpu.c:1036:5:mpu_read_6500_gyro_bias	24	static
inv_mpu.c:1058:5:mpu_set_gyro_bias_reg	40	static
inv_mpu.c:1095:5:mpu_set_accel_bias_6050_reg	40	static
inv_mpu.c:1132:5:mpu_set_accel_bias_6500_reg	40	static
inv_mpu.c:1165:5:mpu_reset_fifo	16	static
inv_mpu.c:1227:5:mpu_get_gyro_fsr	16	static
inv_mpu.c:1254:5:mpu_set_gyro_fsr	24	static
inv_mpu.c:1291:5:mpu_get_accel_fsr	16	static
inv_mpu.c:1319:5:mpu_set_accel_fsr	24	static
inv_mpu.c:1356:5:mpu_get_lpf	16	static
inv_mpu.c:1392:5:mpu_set_lpf	24	static
inv_mpu.c:1433:5:mpu_get_sample_rate	16	static
inv_mpu.c:1448:5:mpu_set_sample_rate	24	static
inv_mpu.c:1495:5:mpu_get_compass_sample_rate	16	static
inv_mpu.c:1517:5:mpu_set_compass_sample_rate	24	static
inv_mpu.c:1539:5:mpu_get_gyro_sens	16	static
inv_mpu.c:1565:5:mpu_get_accel_sens	16	static
inv_mpu.c:1597:5:mpu_get_fifo_config	16	static
inv_mpu.c:1612:5:mpu_configure_fifo	24	static
inv_mpu.c:1654:5:mpu_get_power_state	16	static
inv_mpu.c:1673:5:mpu_set_sensors	24	static
inv_mpu.c:1750:5:mpu_get_int_status	24	static
inv_mpu.c:1779:5:mpu_read_fifo	48	static
inv_mpu.c:1860:5:mpu_read_fifo_stream	32	static
inv_mpu.c:1898:5:mpu_set_bypass	24	static
inv_mpu.c:1948:5:mpu_set_int_level	16	static
inv_mpu.c:1960:5:mpu_set_int_latched	24	static
inv_mpu.c:2057:12:compass_self_test	24	static
inv_mpu.c:2121:12:get_st_biases	120	static
inv_mpu.c:2278:12:accel_6500_self_test	112	static
inv_mpu.c:2368:12:gyro_6500_self_test	112	static
inv_mpu.c:2461:12:get_st_6500_biases	632	static
inv_mpu.c:2603:5:mpu_run_6500_self_test	72	static
inv_mpu.c:2724:5:mpu_run_self_test	32	static
inv_mpu.c:2828:5:mpu_write_mem	24	static
inv_mpu.c:2861:5:mpu_read_mem	24	static
inv_mpu.c:2893:5:mpu_load_firmware	48	static
inv_mpu.c:2934:5:mpu_set_dmp_state	24	static
inv_mpu.c:2973:5:mpu_get_dmp_state	16	static
inv_mpu.c:2981:12:setup_compass	24	static
inv_mpu.c:3089:5:mpu_get_compass_reg	32	static
inv_mpu.c:3142:5:mpu_get_compass_fsr	16	static
inv_mpu.c:3190:5:mpu_lp_motion_interrupt	32	static
