main.c:114:6:HAL_TIM_PeriodElapsedCallback	16	static
main.c:180:6:HAL_I2C_MemRxCpltCallback	64	static
main.c:219:6:dump_quat_on_uart	112	static
main.c:253:20:lora_cb	336	static
main.c:264:5:main	664	static
main.c:413:6:SystemClock_Config	104	static
main.c:460:13:MX_NVIC_Init	8	static
main.c:483:13:MX_I2C1_Init	8	static
main.c:515:13:MX_RTC_Init	8	static
main.c:547:13:MX_SPI1_Init	8	static
main.c:583:13:MX_TIM10_Init	8	static
main.c:612:13:MX_TIM11_Init	8	static
main.c:641:13:MX_USART1_UART_Init	8	static
main.c:672:13:MX_USART2_UART_Init	8	static
main.c:703:13:MX_USART3_UART_Init	8	static
main.c:732:13:MX_DMA_Init	16	static
main.c:753:13:MX_GPIO_Init	56	static
main.c:814:6:Error_Handler	4	static
